<html>
<body>
<pre>
<h1>µVision Build Log</h1>
<h2>Tool Versions:</h2>
IDE-Version: ¦ÌVision V5.31.0.0
Copyright (C) 2020 ARM Ltd and ARM Germany GmbH. All rights reserved.
License Information: uc uc, uc, LIC=X96CK-ZXQ0L-TGV7T-RTBFS-73GTX-GEMUY
 
Tool Versions:
Toolchain:       MDK-ARM Plus  Version: 5.31.0.0
Toolchain Path:  D:\Keil_v5\ARM\ARMCLANG\Bin
C Compiler:      ArmClang.exe V6.14
Assembler:       Armasm.exe V6.14
Linker/Locator:  ArmLink.exe V6.14
Library Manager: ArmAr.exe V6.14
Hex Converter:   FromElf.exe V6.14
CPU DLL:         SARMCM3.DLL V5.31.0.0
Dialog DLL:      DCM.DLL V1.17.3.0
Target DLL:      CMSIS_AGDI.dll V1.32.6.0
Dialog DLL:      TCM.DLL V1.46.0.0
 
<h2>Project:</h2>
C:\Users\DELL\Desktop\car\car.uvprojx
Project File Date:  09/10/2026

<h2>Output:</h2>
*** Using Compiler 'V6.14', folder: 'D:\Keil_v5\ARM\ARMCLANG\Bin'
Build target 'Target 1'
user/main.c(1): warning: In file included from...
D:/Keil_v5/Packs/Keil/STM32F1xx_DFP/2.3.0/Device/Include\stm32f10x.h(483): warning: In file included from...
./CMSIS\core_cm3.h(1720): warning: function 'NVIC_SystemReset' could be declared with attribute 'noreturn' [-Wmissing-noreturn]
{
^
user/main.c(2): warning: In file included from...
./HARDWARE\USART.h(4): warning: this function declaration is not a prototype [-Wstrict-prototypes]
void USART1_Init();
                ^
                 void
user/main.c(3): warning: In file included from...
./HARDWARE\TIM3.h(8): warning: this function declaration is not a prototype [-Wstrict-prototypes]
void Tim3_Init();
              ^
               void
./HARDWARE\TIM3.h(10): warning: no newline at end of file [-Wnewline-eof]
#endif
      ^
user/main.c(4): warning: In file included from...
./HARDWARE\ENCODER.h(12): warning: no newline at end of file [-Wnewline-eof]
#endif
      ^
user/main.c(5): warning: In file included from...
./HARDWARE\I2C2.h(16): warning: no newline at end of file [-Wnewline-eof]
#endif
      ^
user/main.c(6): warning: In file included from...
./HARDWARE\MPU6050.h(18): warning: no newline at end of file [-Wnewline-eof]
#endif
      ^
user/main.c(7): warning: In file included from...
./HARDWARE\MOTOR.h(10): warning: no newline at end of file [-Wnewline-eof]
#endif
      ^
user/main.c(8): warning: In file included from...
./HARDWARE\PWM.h(6): warning: this function declaration is not a prototype [-Wstrict-prototypes]
void PWM_Init();
             ^
              void
./HARDWARE\PWM.h(10): warning: no newline at end of file [-Wnewline-eof]
#endif
      ^
user/main.c(17): warning: no previous extern declaration for non-static variable 'angle_x' [-Wmissing-variable-declarations]
float angle_x = 0;
      ^
user/main.c(17): note: declare 'static' if the variable is not intended to be used outside of this translation unit
float angle_x = 0;
^
user/main.c(20): warning: no previous extern declaration for non-static variable 'Kp' [-Wmissing-variable-declarations]
float Kp = 10.0f;
      ^
user/main.c(20): note: declare 'static' if the variable is not intended to be used outside of this translation unit
float Kp = 10.0f;
^
user/main.c(21): warning: no previous extern declaration for non-static variable 'Kd' [-Wmissing-variable-declarations]
float Kd = 0.5f;
      ^
user/main.c(21): note: declare 'static' if the variable is not intended to be used outside of this translation unit
float Kd = 0.5f;
^
user/main.c(22): warning: no previous extern declaration for non-static variable 'motor_output' [-Wmissing-variable-declarations]
float motor_output = 0;
      ^
user/main.c(22): note: declare 'static' if the variable is not intended to be used outside of this translation unit
float motor_output = 0;
^
user/main.c(13): warning: no previous extern declaration for non-static variable 'gyro_x' [-Wmissing-variable-declarations]
float gyro_x;
      ^
user/main.c(13): note: declare 'static' if the variable is not intended to be used outside of this translation unit
float gyro_x;
^
user/main.c(14): warning: no previous extern declaration for non-static variable 'gyro_y' [-Wmissing-variable-declarations]
float gyro_y;
      ^
user/main.c(14): note: declare 'static' if the variable is not intended to be used outside of this translation unit
float gyro_y;
^
user/main.c(15): warning: no previous extern declaration for non-static variable 'gyro_z' [-Wmissing-variable-declarations]
float gyro_z;
      ^
user/main.c(15): note: declare 'static' if the variable is not intended to be used outside of this translation unit
float gyro_z;
^
user/main.c(18): warning: no previous extern declaration for non-static variable 'angle_acc' [-Wmissing-variable-declarations]
float angle_acc;
      ^
user/main.c(18): note: declare 'static' if the variable is not intended to be used outside of this translation unit
float angle_acc;
^
18 warnings generated.
compiling main.c...
linking...
Program Size: Code=5356 RO-data=268 RW-data=8 ZI-data=1680  
".\Objects\car.axf" - 0 Error(s), 18 Warning(s).

<h2>Software Packages used:</h2>

Package Vendor: Keil
                http://www.keil.com/pack/Keil.STM32F1xx_DFP.2.3.0.pack
                Keil.STM32F1xx_DFP.2.3.0
                STMicroelectronics STM32F1 Series Device Support, Drivers and Examples

<h2>Collection of Component include folders:</h2>
  D:\Keil_v5\Packs\Keil\STM32F1xx_DFP\2.3.0\Device\Include

<h2>Collection of Component Files used:</h2>
Build Time Elapsed:  00:00:01
</pre>
</body>
</html>
