Component: ARM Compiler 6.14 Tool: armlink [5db06800]

==============================================================================

Section Cross References

    main.o(.text.main) refers to usart.o(.text.USART1_Init) for USART1_Init
    main.o(.text.main) refers to tim3.o(.text.Tim3_Init) for Tim3_Init
    main.o(.text.main) refers to encoder.o(.text.Encoder_Init) for Encoder_Init
    main.o(.text.main) refers to i2c2.o(.text.I2C2_Init) for I2C2_Init
    main.o(.text.main) refers to pwm.o(.text.PWM_Init) for PWM_Init
    main.o(.text.main) refers to mpu6050.o(.text.MPU6050_Init) for MPU6050_Init
    main.o(.text.main) refers to mpu6050.o(.text.MPU6050_CalibrateGyro) for MPU6050_CalibrateGyro
    main.o(.text.main) refers to mpu6050.o(.text.MPU6050_CalibrateAccelAngle) for MPU6050_CalibrateAccelAngle
    main.o(.text.main) refers to tim1.o(.text.TIM1_Init) for TIM1_Init
    main.o(.text.main) refers to tim3.o(.bss.TIM3_Flag) for TIM3_Flag
    main.o(.text.main) refers to main.o(.bss.gyro_x) for gyro_x
    main.o(.text.main) refers to main.o(.bss.angle_x) for angle_x
    main.o(.text.main) refers to main.o(.bss.motor_output) for motor_output
    main.o(.text.main) refers to main.o(.bss.gyro_y) for gyro_y
    main.o(.text.main) refers to main.o(.bss.gyro_z) for gyro_z
    main.o(.text.main) refers to mpu6050.o(.text.MPU6050_ReadGyro) for MPU6050_ReadGyro
    main.o(.text.main) refers to mpu6050.o(.text.MPU6050_GetAccelAngle) for MPU6050_GetAccelAngle
    main.o(.text.main) refers to main.o(.bss.angle_acc) for angle_acc
    main.o(.text.main) refers to fmul.o(x$fpl$fmul) for __aeabi_fmul
    main.o(.text.main) refers to faddsub_clz.o(x$fpl$fadd) for __aeabi_fadd
    main.o(.text.main) refers to main.o(.data.Kp) for Kp
    main.o(.text.main) refers to main.o(.data.Kd) for Kd
    main.o(.text.main) refers to faddsub_clz.o(x$fpl$fsub) for __aeabi_fsub
    main.o(.text.main) refers to ffix.o(x$fpl$ffix) for __aeabi_f2iz
    main.o(.text.main) refers to motor.o(.text.Motor_SetBothSpeed) for Motor_SetBothSpeed
    main.o(.ARM.exidx.text.main) refers to main.o(.text.main) for [Anonymous Symbol]
    system_stm32f10x.o(.text.SystemInit) refers to system_stm32f10x.o(.text.SetSysClock) for SetSysClock
    system_stm32f10x.o(.ARM.exidx.text.SystemInit) refers to system_stm32f10x.o(.text.SystemInit) for [Anonymous Symbol]
    system_stm32f10x.o(.text.SetSysClock) refers to system_stm32f10x.o(.text.SetSysClockTo72) for SetSysClockTo72
    system_stm32f10x.o(.ARM.exidx.text.SetSysClock) refers to system_stm32f10x.o(.text.SetSysClock) for [Anonymous Symbol]
    system_stm32f10x.o(.text.SystemCoreClockUpdate) refers to system_stm32f10x.o(.data.SystemCoreClock) for SystemCoreClock
    system_stm32f10x.o(.text.SystemCoreClockUpdate) refers to system_stm32f10x.o(.rodata.AHBPrescTable) for AHBPrescTable
    system_stm32f10x.o(.ARM.exidx.text.SystemCoreClockUpdate) refers to system_stm32f10x.o(.text.SystemCoreClockUpdate) for [Anonymous Symbol]
    system_stm32f10x.o(.ARM.exidx.text.SetSysClockTo72) refers to system_stm32f10x.o(.text.SetSysClockTo72) for [Anonymous Symbol]
    startup_stm32f10x_md.o(STACK) refers (Special) to heapauxi.o(.text) for __use_two_region_memory
    startup_stm32f10x_md.o(HEAP) refers (Special) to heapauxi.o(.text) for __use_two_region_memory
    startup_stm32f10x_md.o(RESET) refers (Special) to heapauxi.o(.text) for __use_two_region_memory
    startup_stm32f10x_md.o(RESET) refers to startup_stm32f10x_md.o(STACK) for __initial_sp
    startup_stm32f10x_md.o(RESET) refers to startup_stm32f10x_md.o(.text) for Reset_Handler
    startup_stm32f10x_md.o(RESET) refers to tim3.o(.text.TIM3_IRQHandler) for TIM3_IRQHandler
    startup_stm32f10x_md.o(.text) refers (Special) to heapauxi.o(.text) for __use_two_region_memory
    startup_stm32f10x_md.o(.text) refers to system_stm32f10x.o(.text.SystemInit) for SystemInit
    startup_stm32f10x_md.o(.text) refers to __main.o(!!!main) for __main
    startup_stm32f10x_md.o(.text) refers to startup_stm32f10x_md.o(HEAP) for Heap_Mem
    startup_stm32f10x_md.o(.text) refers to startup_stm32f10x_md.o(STACK) for Stack_Mem
    usart.o(.ARM.exidx.text.USART1_Init) refers to usart.o(.text.USART1_Init) for [Anonymous Symbol]
    usart.o(.ARM.exidx.text.USART1_SendBit) refers to usart.o(.text.USART1_SendBit) for [Anonymous Symbol]
    usart.o(.text.USART1_SendString) refers to usart.o(.text.USART1_SendBit) for USART1_SendBit
    usart.o(.ARM.exidx.text.USART1_SendString) refers to usart.o(.text.USART1_SendString) for [Anonymous Symbol]
    tim3.o(.text.Tim3_Init) refers to tim3.o(.text.NVIC_EnableIRQ) for NVIC_EnableIRQ
    tim3.o(.ARM.exidx.text.Tim3_Init) refers to tim3.o(.text.Tim3_Init) for [Anonymous Symbol]
    tim3.o(.ARM.exidx.text.NVIC_EnableIRQ) refers to tim3.o(.text.NVIC_EnableIRQ) for [Anonymous Symbol]
    tim3.o(.text.TIM3_IRQHandler) refers to tim3.o(.bss.TIM3_Flag) for TIM3_Flag
    tim3.o(.ARM.exidx.text.TIM3_IRQHandler) refers to tim3.o(.text.TIM3_IRQHandler) for [Anonymous Symbol]
    pwm.o(.ARM.exidx.text.PWM_Init) refers to pwm.o(.text.PWM_Init) for [Anonymous Symbol]
    pwm.o(.ARM.exidx.text.PWM_SetCompare) refers to pwm.o(.text.PWM_SetCompare) for [Anonymous Symbol]
    encoder.o(.ARM.exidx.text.Encoder_Init) refers to encoder.o(.text.Encoder_Init) for [Anonymous Symbol]
    encoder.o(.text.Encoder_Update) refers to encoder.o(.data.encoder_first) for encoder_first
    encoder.o(.text.Encoder_Update) refers to encoder.o(.bss.now_cnt) for now_cnt
    encoder.o(.text.Encoder_Update) refers to encoder.o(.bss.last_cnt) for last_cnt
    encoder.o(.text.Encoder_Update) refers to encoder.o(.bss.delta_raw) for delta_raw
    encoder.o(.text.Encoder_Update) refers to encoder.o(.bss.delta_cnt) for delta_cnt
    encoder.o(.text.Encoder_Update) refers to fflt_clz.o(x$fpl$fflt) for __aeabi_i2f
    encoder.o(.text.Encoder_Update) refers to fdiv.o(x$fpl$fdiv) for __aeabi_fdiv
    encoder.o(.text.Encoder_Update) refers to fmul.o(x$fpl$fmul) for __aeabi_fmul
    encoder.o(.text.Encoder_Update) refers to encoder.o(.bss.wheel_rpm) for wheel_rpm
    encoder.o(.ARM.exidx.text.Encoder_Update) refers to encoder.o(.text.Encoder_Update) for [Anonymous Symbol]
    i2c2.o(.ARM.exidx.text.I2C2_Init) refers to i2c2.o(.text.I2C2_Init) for [Anonymous Symbol]
    i2c2.o(.text.I2C2_ReadByte) refers to i2c2.o(.bss.temp) for temp
    i2c2.o(.ARM.exidx.text.I2C2_ReadByte) refers to i2c2.o(.text.I2C2_ReadByte) for [Anonymous Symbol]
    i2c2.o(.text.I2C2_WriteByte) refers to i2c2.o(.text.I2C2_Recover) for I2C2_Recover
    i2c2.o(.text.I2C2_WriteByte) refers to i2c2.o(.bss.temp) for temp
    i2c2.o(.ARM.exidx.text.I2C2_WriteByte) refers to i2c2.o(.text.I2C2_WriteByte) for [Anonymous Symbol]
    i2c2.o(.text.I2C2_Recover) refers to i2c2.o(.text.I2C2_Init) for I2C2_Init
    i2c2.o(.ARM.exidx.text.I2C2_Recover) refers to i2c2.o(.text.I2C2_Recover) for [Anonymous Symbol]
    i2c2.o(.text.I2C2_ReadBytes) refers to i2c2.o(.bss.temp) for temp
    i2c2.o(.ARM.exidx.text.I2C2_ReadBytes) refers to i2c2.o(.text.I2C2_ReadBytes) for [Anonymous Symbol]
    mpu6050.o(.text.MPU6050_Init) refers to i2c2.o(.text.I2C2_WriteByte) for I2C2_WriteByte
    mpu6050.o(.ARM.exidx.text.MPU6050_Init) refers to mpu6050.o(.text.MPU6050_Init) for [Anonymous Symbol]
    mpu6050.o(.text.MPU6050_ReadGyro) refers to i2c2.o(.text.I2C2_ReadBytes) for I2C2_ReadBytes
    mpu6050.o(.text.MPU6050_ReadGyro) refers to fflt_clz.o(x$fpl$fflt) for __aeabi_i2f
    mpu6050.o(.text.MPU6050_ReadGyro) refers to fdiv.o(x$fpl$fdiv) for __aeabi_fdiv
    mpu6050.o(.text.MPU6050_ReadGyro) refers to mpu6050.o(.bss.gyro_x_offset) for gyro_x_offset
    mpu6050.o(.text.MPU6050_ReadGyro) refers to faddsub_clz.o(x$fpl$fsub) for __aeabi_fsub
    mpu6050.o(.text.MPU6050_ReadGyro) refers to mpu6050.o(.bss.gyro_y_offset) for gyro_y_offset
    mpu6050.o(.text.MPU6050_ReadGyro) refers to mpu6050.o(.bss.gyro_z_offset) for gyro_z_offset
    mpu6050.o(.ARM.exidx.text.MPU6050_ReadGyro) refers to mpu6050.o(.text.MPU6050_ReadGyro) for [Anonymous Symbol]
    mpu6050.o(.text.MPU6050_CalibrateGyro) refers to mpu6050.o(.text.MPU6050_ReadGyro) for MPU6050_ReadGyro
    mpu6050.o(.text.MPU6050_CalibrateGyro) refers to faddsub_clz.o(x$fpl$fadd) for __aeabi_fadd
    mpu6050.o(.text.MPU6050_CalibrateGyro) refers to fdiv.o(x$fpl$fdiv) for __aeabi_fdiv
    mpu6050.o(.text.MPU6050_CalibrateGyro) refers to mpu6050.o(.bss.gyro_x_offset) for gyro_x_offset
    mpu6050.o(.text.MPU6050_CalibrateGyro) refers to mpu6050.o(.bss.gyro_y_offset) for gyro_y_offset
    mpu6050.o(.text.MPU6050_CalibrateGyro) refers to mpu6050.o(.bss.gyro_z_offset) for gyro_z_offset
    mpu6050.o(.ARM.exidx.text.MPU6050_CalibrateGyro) refers to mpu6050.o(.text.MPU6050_CalibrateGyro) for [Anonymous Symbol]
    mpu6050.o(.text.MPU6050_ReadAccel) refers to i2c2.o(.text.I2C2_ReadBytes) for I2C2_ReadBytes
    mpu6050.o(.text.MPU6050_ReadAccel) refers to fflt_clz.o(x$fpl$fflt) for __aeabi_i2f
    mpu6050.o(.text.MPU6050_ReadAccel) refers to fmul.o(x$fpl$fmul) for __aeabi_fmul
    mpu6050.o(.ARM.exidx.text.MPU6050_ReadAccel) refers to mpu6050.o(.text.MPU6050_ReadAccel) for [Anonymous Symbol]
    mpu6050.o(.text.MPU6050_CalibrateAccelAngle) refers to mpu6050.o(.text.MPU6050_ReadAccel) for MPU6050_ReadAccel
    mpu6050.o(.text.MPU6050_CalibrateAccelAngle) refers to atan2f.o(i.atan2f) for atan2f
    mpu6050.o(.text.MPU6050_CalibrateAccelAngle) refers to fmul.o(x$fpl$fmul) for __aeabi_fmul
    mpu6050.o(.text.MPU6050_CalibrateAccelAngle) refers to fdiv.o(x$fpl$fdiv) for __aeabi_fdiv
    mpu6050.o(.text.MPU6050_CalibrateAccelAngle) refers to faddsub_clz.o(x$fpl$fadd) for __aeabi_fadd
    mpu6050.o(.text.MPU6050_CalibrateAccelAngle) refers to mpu6050.o(.bss.accel_angle_offset) for accel_angle_offset
    mpu6050.o(.ARM.exidx.text.MPU6050_CalibrateAccelAngle) refers to mpu6050.o(.text.MPU6050_CalibrateAccelAngle) for [Anonymous Symbol]
    mpu6050.o(.text.MPU6050_GetAccelAngle) refers to mpu6050.o(.text.MPU6050_ReadAccel) for MPU6050_ReadAccel
    mpu6050.o(.text.MPU6050_GetAccelAngle) refers to atan2f.o(i.atan2f) for atan2f
    mpu6050.o(.text.MPU6050_GetAccelAngle) refers to fmul.o(x$fpl$fmul) for __aeabi_fmul
    mpu6050.o(.text.MPU6050_GetAccelAngle) refers to fdiv.o(x$fpl$fdiv) for __aeabi_fdiv
    mpu6050.o(.text.MPU6050_GetAccelAngle) refers to mpu6050.o(.bss.accel_angle_offset) for accel_angle_offset
    mpu6050.o(.text.MPU6050_GetAccelAngle) refers to faddsub_clz.o(x$fpl$fsub) for __aeabi_fsub
    mpu6050.o(.ARM.exidx.text.MPU6050_GetAccelAngle) refers to mpu6050.o(.text.MPU6050_GetAccelAngle) for [Anonymous Symbol]
    motor.o(.ARM.exidx.text.Motor_SetDirection) refers to motor.o(.text.Motor_SetDirection) for [Anonymous Symbol]
    motor.o(.text.Motor_SetSpeed) refers to motor.o(.text.Motor_SetDirection) for Motor_SetDirection
    motor.o(.text.Motor_SetSpeed) refers to pwm.o(.text.PWM_SetCompare) for PWM_SetCompare
    motor.o(.ARM.exidx.text.Motor_SetSpeed) refers to motor.o(.text.Motor_SetSpeed) for [Anonymous Symbol]
    motor.o(.text.Motor_SetBothSpeed) refers to motor.o(.text.Motor_SetSpeed) for Motor_SetSpeed
    motor.o(.text.Motor_SetBothSpeed) refers to tim1.o(.text.Motor2_SetSpeed) for Motor2_SetSpeed
    motor.o(.ARM.exidx.text.Motor_SetBothSpeed) refers to motor.o(.text.Motor_SetBothSpeed) for [Anonymous Symbol]
    tim1.o(.ARM.exidx.text.TIM1_Init) refers to tim1.o(.text.TIM1_Init) for [Anonymous Symbol]
    tim1.o(.ARM.exidx.text.TIM1_SetCompare) refers to tim1.o(.text.TIM1_SetCompare) for [Anonymous Symbol]
    tim1.o(.ARM.exidx.text.Motor2_SetDirection) refers to tim1.o(.text.Motor2_SetDirection) for [Anonymous Symbol]
    tim1.o(.text.Motor2_SetSpeed) refers to tim1.o(.text.Motor2_SetDirection) for Motor2_SetDirection
    tim1.o(.text.Motor2_SetSpeed) refers to tim1.o(.text.TIM1_SetCompare) for TIM1_SetCompare
    tim1.o(.ARM.exidx.text.Motor2_SetSpeed) refers to tim1.o(.text.Motor2_SetSpeed) for [Anonymous Symbol]
    __main.o(!!!main) refers to __rtentry.o(.ARM.Collect$$rtentry$$00000000) for __rt_entry
    faddsub_clz.o(x$fpl$fadd) refers (Special) to usenofp.o(x$fpl$usenofp) for __I$use$fp
    faddsub_clz.o(x$fpl$fadd) refers to faddsub_clz.o(x$fpl$fsub) for _fsub1
    faddsub_clz.o(x$fpl$fadd) refers to fretinf.o(x$fpl$fretinf) for __fpl_fretinf
    faddsub_clz.o(x$fpl$fadd) refers to fnaninf.o(x$fpl$fnaninf) for __fpl_fnaninf
    faddsub_clz.o(x$fpl$frsb) refers (Special) to usenofp.o(x$fpl$usenofp) for __I$use$fp
    faddsub_clz.o(x$fpl$frsb) refers to faddsub_clz.o(x$fpl$fadd) for _fadd1
    faddsub_clz.o(x$fpl$frsb) refers to faddsub_clz.o(x$fpl$fsub) for _fsub1
    faddsub_clz.o(x$fpl$fsub) refers (Special) to usenofp.o(x$fpl$usenofp) for __I$use$fp
    faddsub_clz.o(x$fpl$fsub) refers to faddsub_clz.o(x$fpl$fadd) for _fadd1
    faddsub_clz.o(x$fpl$fsub) refers to fnaninf.o(x$fpl$fnaninf) for __fpl_fnaninf
    fdiv.o(x$fpl$frdiv) refers (Special) to usenofp.o(x$fpl$usenofp) for __I$use$fp
    fdiv.o(x$fpl$frdiv) refers to fdiv.o(x$fpl$fdiv) for _fdiv1
    fdiv.o(x$fpl$fdiv) refers (Special) to usenofp.o(x$fpl$usenofp) for __I$use$fp
    fdiv.o(x$fpl$fdiv) refers to fretinf.o(x$fpl$fretinf) for __fpl_fretinf
    fdiv.o(x$fpl$fdiv) refers to fnaninf.o(x$fpl$fnaninf) for __fpl_fnaninf
    ffix.o(x$fpl$ffix) refers (Special) to usenofp.o(x$fpl$usenofp) for __I$use$fp
    ffix.o(x$fpl$ffix) refers to fnaninf.o(x$fpl$fnaninf) for __fpl_fnaninf
    ffix.o(x$fpl$ffixr) refers (Special) to usenofp.o(x$fpl$usenofp) for __I$use$fp
    ffix.o(x$fpl$ffixr) refers to fnaninf.o(x$fpl$fnaninf) for __fpl_fnaninf
    fflt_clz.o(x$fpl$ffltu) refers (Special) to usenofp.o(x$fpl$usenofp) for __I$use$fp
    fflt_clz.o(x$fpl$fflt) refers (Special) to usenofp.o(x$fpl$usenofp) for __I$use$fp
    fflt_clz.o(x$fpl$ffltn) refers (Special) to usenofp.o(x$fpl$usenofp) for __I$use$fp
    fmul.o(x$fpl$fmul) refers (Special) to usenofp.o(x$fpl$usenofp) for __I$use$fp
    fmul.o(x$fpl$fmul) refers to fretinf.o(x$fpl$fretinf) for __fpl_fretinf
    fmul.o(x$fpl$fmul) refers to fnaninf.o(x$fpl$fnaninf) for __fpl_fnaninf
    atan2f.o(i.__softfp_atan2f) refers (Special) to usenofp.o(x$fpl$usenofp) for __I$use$fp
    atan2f.o(i.__softfp_atan2f) refers to atan2f.o(i.atan2f) for atan2f
    atan2f.o(i.atan2f) refers (Special) to usenofp.o(x$fpl$usenofp) for __I$use$fp
    atan2f.o(i.atan2f) refers to fdiv.o(x$fpl$fdiv) for __aeabi_fdiv
    atan2f.o(i.atan2f) refers to fpclassifyf.o(i.__ARM_fpclassifyf) for __ARM_fpclassifyf
    atan2f.o(i.atan2f) refers to funder.o(i.__mathlib_flt_underflow) for __mathlib_flt_underflow
    atan2f.o(i.atan2f) refers to _rserrno.o(.text) for __set_errno
    atan2f.o(i.atan2f) refers to faddsub_clz.o(x$fpl$fsub) for __aeabi_fsub
    atan2f.o(i.atan2f) refers to faddsub_clz.o(x$fpl$fadd) for __aeabi_fadd
    atan2f.o(i.atan2f) refers to fmul.o(x$fpl$fmul) for __aeabi_fmul
    atan2f.o(i.atan2f) refers to faddsub_clz.o(x$fpl$frsb) for __aeabi_frsub
    atan2f.o(i.atan2f) refers to funder.o(i.__mathlib_flt_infnan2) for __mathlib_flt_infnan2
    atan2f_x.o(i.____softfp_atan2f$lsc) refers (Special) to usenofp.o(x$fpl$usenofp) for __I$use$fp
    atan2f_x.o(i.____softfp_atan2f$lsc) refers to atan2f_x.o(i.__atan2f$lsc) for __atan2f$lsc
    atan2f_x.o(i.__atan2f$lsc) refers (Special) to usenofp.o(x$fpl$usenofp) for __I$use$fp
    atan2f_x.o(i.__atan2f$lsc) refers to fdiv.o(x$fpl$fdiv) for __aeabi_fdiv
    atan2f_x.o(i.__atan2f$lsc) refers to fpclassifyf.o(i.__ARM_fpclassifyf) for __ARM_fpclassifyf
    atan2f_x.o(i.__atan2f$lsc) refers to _rserrno.o(.text) for __set_errno
    atan2f_x.o(i.__atan2f$lsc) refers to faddsub_clz.o(x$fpl$fsub) for __aeabi_fsub
    atan2f_x.o(i.__atan2f$lsc) refers to faddsub_clz.o(x$fpl$fadd) for __aeabi_fadd
    atan2f_x.o(i.__atan2f$lsc) refers to fmul.o(x$fpl$fmul) for __aeabi_fmul
    atan2f_x.o(i.__atan2f$lsc) refers to faddsub_clz.o(x$fpl$frsb) for __aeabi_frsub
    atan2f_x.o(i.__atan2f$lsc) refers to funder.o(i.__mathlib_flt_infnan2) for __mathlib_flt_infnan2
    __rtentry.o(.ARM.Collect$$rtentry$$00000000) refers (Special) to __rtentry2.o(.ARM.Collect$$rtentry$$0000000A) for __rt_entry_li
    __rtentry.o(.ARM.Collect$$rtentry$$00000000) refers (Special) to __rtentry2.o(.ARM.Collect$$rtentry$$0000000D) for __rt_entry_main
    __rtentry.o(.ARM.Collect$$rtentry$$00000000) refers (Special) to __rtentry2.o(.ARM.Collect$$rtentry$$0000000C) for __rt_entry_postli_1
    __rtentry.o(.ARM.Collect$$rtentry$$00000000) refers (Special) to __rtentry2.o(.ARM.Collect$$rtentry$$00000009) for __rt_entry_postsh_1
    __rtentry.o(.ARM.Collect$$rtentry$$00000000) refers (Special) to __rtentry2.o(.ARM.Collect$$rtentry$$00000002) for __rt_entry_presh_1
    __rtentry.o(.ARM.Collect$$rtentry$$00000000) refers (Special) to __rtentry4.o(.ARM.Collect$$rtentry$$00000004) for __rt_entry_sh
    _rserrno.o(.text) refers to rt_errno_addr_intlibspace.o(.text) for __aeabi_errno_addr
    fnaninf.o(x$fpl$fnaninf) refers (Special) to usenofp.o(x$fpl$usenofp) for __I$use$fp
    fretinf.o(x$fpl$fretinf) refers (Special) to usenofp.o(x$fpl$usenofp) for __I$use$fp
    fpclassifyf.o(i.__ARM_fpclassifyf) refers (Special) to usenofp.o(x$fpl$usenofp) for __I$use$fp
    funder.o(i.__mathlib_flt_divzero) refers to fdiv.o(x$fpl$fdiv) for __aeabi_fdiv
    funder.o(i.__mathlib_flt_infnan) refers to scalbnf.o(x$fpl$scalbnf) for __ARM_scalbnf
    funder.o(i.__mathlib_flt_infnan2) refers to faddsub_clz.o(x$fpl$fadd) for __aeabi_fadd
    funder.o(i.__mathlib_flt_invalid) refers to fdiv.o(x$fpl$fdiv) for __aeabi_fdiv
    funder.o(i.__mathlib_flt_overflow) refers to scalbnf.o(x$fpl$scalbnf) for __ARM_scalbnf
    funder.o(i.__mathlib_flt_posinfnan) refers to fmul.o(x$fpl$fmul) for __aeabi_fmul
    funder.o(i.__mathlib_flt_underflow) refers to scalbnf.o(x$fpl$scalbnf) for __ARM_scalbnf
    __rtentry2.o(.ARM.Collect$$rtentry$$00000008) refers to boardinit2.o(.text) for _platform_post_stackheap_init
    __rtentry2.o(.ARM.Collect$$rtentry$$0000000A) refers to libinit.o(.ARM.Collect$$libinit$$00000000) for __rt_lib_init
    __rtentry2.o(.ARM.Collect$$rtentry$$0000000B) refers to boardinit3.o(.text) for _platform_post_lib_init
    __rtentry2.o(.ARM.Collect$$rtentry$$0000000D) refers to main.o(.text.main) for main
    __rtentry2.o(.ARM.Collect$$rtentry$$0000000D) refers to exit.o(.text) for exit
    __rtentry2.o(.ARM.exidx) refers to __rtentry2.o(.ARM.Collect$$rtentry$$00000001) for .ARM.Collect$$rtentry$$00000001
    __rtentry2.o(.ARM.exidx) refers to __rtentry2.o(.ARM.Collect$$rtentry$$00000008) for .ARM.Collect$$rtentry$$00000008
    __rtentry2.o(.ARM.exidx) refers to __rtentry2.o(.ARM.Collect$$rtentry$$0000000A) for .ARM.Collect$$rtentry$$0000000A
    __rtentry2.o(.ARM.exidx) refers to __rtentry2.o(.ARM.Collect$$rtentry$$0000000B) for .ARM.Collect$$rtentry$$0000000B
    __rtentry2.o(.ARM.exidx) refers to __rtentry2.o(.ARM.Collect$$rtentry$$0000000D) for .ARM.Collect$$rtentry$$0000000D
    __rtentry4.o(.ARM.Collect$$rtentry$$00000004) refers to sys_stackheap_outer.o(.text) for __user_setup_stackheap
    __rtentry4.o(.ARM.exidx) refers to __rtentry4.o(.ARM.Collect$$rtentry$$00000004) for .ARM.Collect$$rtentry$$00000004
    rt_errno_addr.o(.text) refers to rt_errno_addr.o(.bss) for __aeabi_errno_addr_data
    rt_errno_addr_intlibspace.o(.text) refers to libspace.o(.bss) for __libspace_start
    scalbnf.o(x$fpl$scalbnf) refers (Special) to usenofp.o(x$fpl$usenofp) for __I$use$fp
    scalbnf.o(x$fpl$scalbnf) refers to fcheck1.o(x$fpl$fcheck1) for __fpl_fcheck_NaN1
    libspace.o(.text) refers to libspace.o(.bss) for __libspace_start
    sys_stackheap_outer.o(.text) refers to libspace.o(.text) for __user_perproc_libspace
    sys_stackheap_outer.o(.text) refers to startup_stm32f10x_md.o(.text) for __user_initial_stackheap
    exit.o(.text) refers to rtexit.o(.ARM.Collect$$rtexit$$00000000) for __rt_exit
    libinit.o(.ARM.Collect$$libinit$$00000000) refers (Special) to libinit2.o(.ARM.Collect$$libinit$$0000002E) for __rt_lib_init_alloca_1
    libinit.o(.ARM.Collect$$libinit$$00000000) refers (Special) to libinit2.o(.ARM.Collect$$libinit$$0000002C) for __rt_lib_init_argv_1
    libinit.o(.ARM.Collect$$libinit$$00000000) refers (Special) to libinit2.o(.ARM.Collect$$libinit$$0000001B) for __rt_lib_init_atexit_1
    libinit.o(.ARM.Collect$$libinit$$00000000) refers (Special) to libinit2.o(.ARM.Collect$$libinit$$00000021) for __rt_lib_init_clock_1
    libinit.o(.ARM.Collect$$libinit$$00000000) refers (Special) to libinit2.o(.ARM.Collect$$libinit$$00000032) for __rt_lib_init_cpp_1
    libinit.o(.ARM.Collect$$libinit$$00000000) refers (Special) to libinit2.o(.ARM.Collect$$libinit$$00000030) for __rt_lib_init_exceptions_1
    libinit.o(.ARM.Collect$$libinit$$00000000) refers (Special) to libinit2.o(.ARM.Collect$$libinit$$00000002) for __rt_lib_init_fp_1
    libinit.o(.ARM.Collect$$libinit$$00000000) refers (Special) to libinit2.o(.ARM.Collect$$libinit$$0000001F) for __rt_lib_init_fp_trap_1
    libinit.o(.ARM.Collect$$libinit$$00000000) refers (Special) to libinit2.o(.ARM.Collect$$libinit$$00000023) for __rt_lib_init_getenv_1
    libinit.o(.ARM.Collect$$libinit$$00000000) refers (Special) to libinit2.o(.ARM.Collect$$libinit$$0000000A) for __rt_lib_init_heap_1
    libinit.o(.ARM.Collect$$libinit$$00000000) refers (Special) to libinit2.o(.ARM.Collect$$libinit$$00000011) for __rt_lib_init_lc_collate_1
    libinit.o(.ARM.Collect$$libinit$$00000000) refers (Special) to libinit2.o(.ARM.Collect$$libinit$$00000013) for __rt_lib_init_lc_ctype_1
    libinit.o(.ARM.Collect$$libinit$$00000000) refers (Special) to libinit2.o(.ARM.Collect$$libinit$$00000015) for __rt_lib_init_lc_monetary_1
    libinit.o(.ARM.Collect$$libinit$$00000000) refers (Special) to libinit2.o(.ARM.Collect$$libinit$$00000017) for __rt_lib_init_lc_numeric_1
    libinit.o(.ARM.Collect$$libinit$$00000000) refers (Special) to libinit2.o(.ARM.Collect$$libinit$$00000019) for __rt_lib_init_lc_time_1
    libinit.o(.ARM.Collect$$libinit$$00000000) refers (Special) to libinit2.o(.ARM.Collect$$libinit$$00000004) for __rt_lib_init_preinit_1
    libinit.o(.ARM.Collect$$libinit$$00000000) refers (Special) to libinit2.o(.ARM.Collect$$libinit$$0000000E) for __rt_lib_init_rand_1
    libinit.o(.ARM.Collect$$libinit$$00000000) refers (Special) to libinit2.o(.ARM.Collect$$libinit$$00000033) for __rt_lib_init_return
    libinit.o(.ARM.Collect$$libinit$$00000000) refers (Special) to libinit2.o(.ARM.Collect$$libinit$$0000001D) for __rt_lib_init_signal_1
    libinit.o(.ARM.Collect$$libinit$$00000000) refers (Special) to libinit2.o(.ARM.Collect$$libinit$$00000025) for __rt_lib_init_stdio_1
    libinit.o(.ARM.Collect$$libinit$$00000000) refers (Special) to libinit2.o(.ARM.Collect$$libinit$$0000000C) for __rt_lib_init_user_alloc_1
    fcheck1.o(x$fpl$fcheck1) refers (Special) to usenofp.o(x$fpl$usenofp) for __I$use$fp
    fcheck1.o(x$fpl$fcheck1) refers to retnan.o(x$fpl$retnan) for __fpl_return_NaN
    rtexit.o(.ARM.Collect$$rtexit$$00000000) refers (Special) to rtexit2.o(.ARM.Collect$$rtexit$$00000004) for __rt_exit_exit
    rtexit.o(.ARM.Collect$$rtexit$$00000000) refers (Special) to rtexit2.o(.ARM.Collect$$rtexit$$00000003) for __rt_exit_ls
    rtexit.o(.ARM.Collect$$rtexit$$00000000) refers (Special) to rtexit2.o(.ARM.Collect$$rtexit$$00000002) for __rt_exit_prels_1
    rtexit.o(.ARM.exidx) refers (Special) to rtexit2.o(.ARM.Collect$$rtexit$$00000004) for __rt_exit_exit
    rtexit.o(.ARM.exidx) refers (Special) to rtexit2.o(.ARM.Collect$$rtexit$$00000003) for __rt_exit_ls
    rtexit.o(.ARM.exidx) refers (Special) to rtexit2.o(.ARM.Collect$$rtexit$$00000002) for __rt_exit_prels_1
    rtexit.o(.ARM.exidx) refers to rtexit.o(.ARM.Collect$$rtexit$$00000000) for .ARM.Collect$$rtexit$$00000000
    libinit2.o(.ARM.Collect$$libinit$$00000010) refers to libinit2.o(.ARM.Collect$$libinit$$0000000F) for .ARM.Collect$$libinit$$0000000F
    libinit2.o(.ARM.Collect$$libinit$$00000012) refers to libinit2.o(.ARM.Collect$$libinit$$0000000F) for .ARM.Collect$$libinit$$0000000F
    libinit2.o(.ARM.Collect$$libinit$$00000014) refers to libinit2.o(.ARM.Collect$$libinit$$0000000F) for .ARM.Collect$$libinit$$0000000F
    libinit2.o(.ARM.Collect$$libinit$$00000016) refers to libinit2.o(.ARM.Collect$$libinit$$0000000F) for .ARM.Collect$$libinit$$0000000F
    libinit2.o(.ARM.Collect$$libinit$$00000018) refers to libinit2.o(.ARM.Collect$$libinit$$0000000F) for .ARM.Collect$$libinit$$0000000F
    libinit2.o(.ARM.Collect$$libinit$$00000026) refers to argv_veneer.o(.emb_text) for __ARM_argv_veneer
    libinit2.o(.ARM.Collect$$libinit$$00000027) refers to argv_veneer.o(.emb_text) for __ARM_argv_veneer
    retnan.o(x$fpl$retnan) refers (Special) to usenofp.o(x$fpl$usenofp) for __I$use$fp
    retnan.o(x$fpl$retnan) refers to trapv.o(x$fpl$trapveneer) for __fpl_cmpreturn
    rtexit2.o(.ARM.Collect$$rtexit$$00000003) refers to libshutdown.o(.ARM.Collect$$libshutdown$$00000000) for __rt_lib_shutdown
    rtexit2.o(.ARM.Collect$$rtexit$$00000004) refers to sys_exit.o(.text) for _sys_exit
    rtexit2.o(.ARM.exidx) refers to rtexit2.o(.ARM.Collect$$rtexit$$00000001) for .ARM.Collect$$rtexit$$00000001
    rtexit2.o(.ARM.exidx) refers to rtexit2.o(.ARM.Collect$$rtexit$$00000003) for .ARM.Collect$$rtexit$$00000003
    rtexit2.o(.ARM.exidx) refers to rtexit2.o(.ARM.Collect$$rtexit$$00000004) for .ARM.Collect$$rtexit$$00000004
    argv_veneer.o(.emb_text) refers to no_argv.o(.text) for __ARM_get_argv
    trapv.o(x$fpl$trapveneer) refers (Special) to usenofp.o(x$fpl$usenofp) for __I$use$fp
    sys_exit.o(.text) refers (Special) to use_no_semi.o(.text) for __I$use$semihosting
    sys_exit.o(.text) refers (Special) to indicate_semi.o(.text) for __semihosting_library_function
    sys_exit_hlt.o(.text) refers (Special) to use_no_semi.o(.text) for __I$use$semihosting
    sys_exit_hlt.o(.text) refers (Special) to indicate_semi.o(.text) for __semihosting_library_function
    _get_argv_nomalloc.o(.text) refers (Special) to hrguard.o(.text) for __heap_region$guard
    _get_argv_nomalloc.o(.text) refers to defsig_rtmem_outer.o(.text) for __rt_SIGRTMEM
    _get_argv_nomalloc.o(.text) refers to sys_command.o(.text) for _sys_command_string
    libshutdown.o(.ARM.Collect$$libshutdown$$00000000) refers (Special) to libshutdown2.o(.ARM.Collect$$libshutdown$$00000002) for __rt_lib_shutdown_cpp_1
    libshutdown.o(.ARM.Collect$$libshutdown$$00000000) refers (Special) to libshutdown2.o(.ARM.Collect$$libshutdown$$00000007) for __rt_lib_shutdown_fp_trap_1
    libshutdown.o(.ARM.Collect$$libshutdown$$00000000) refers (Special) to libshutdown2.o(.ARM.Collect$$libshutdown$$0000000F) for __rt_lib_shutdown_heap_1
    libshutdown.o(.ARM.Collect$$libshutdown$$00000000) refers (Special) to libshutdown2.o(.ARM.Collect$$libshutdown$$00000010) for __rt_lib_shutdown_return
    libshutdown.o(.ARM.Collect$$libshutdown$$00000000) refers (Special) to libshutdown2.o(.ARM.Collect$$libshutdown$$0000000A) for __rt_lib_shutdown_signal_1
    libshutdown.o(.ARM.Collect$$libshutdown$$00000000) refers (Special) to libshutdown2.o(.ARM.Collect$$libshutdown$$00000004) for __rt_lib_shutdown_stdio_1
    libshutdown.o(.ARM.Collect$$libshutdown$$00000000) refers (Special) to libshutdown2.o(.ARM.Collect$$libshutdown$$0000000C) for __rt_lib_shutdown_user_alloc_1
    sys_command.o(.text) refers (Special) to use_no_semi.o(.text) for __I$use$semihosting
    sys_command.o(.text) refers (Special) to indicate_semi.o(.text) for __semihosting_library_function
    sys_command_hlt.o(.text) refers (Special) to use_no_semi.o(.text) for __I$use$semihosting
    sys_command_hlt.o(.text) refers (Special) to indicate_semi.o(.text) for __semihosting_library_function
    defsig_rtmem_outer.o(.text) refers to defsig_rtmem_inner.o(.text) for __rt_SIGRTMEM_inner
    defsig_rtmem_outer.o(.text) refers to defsig_exit.o(.text) for __sig_exit
    defsig_rtmem_formal.o(.text) refers to rt_raise.o(.text) for __rt_raise
    rt_raise.o(.text) refers to __raise.o(.text) for __raise
    rt_raise.o(.text) refers to sys_exit.o(.text) for _sys_exit
    defsig_exit.o(.text) refers to sys_exit.o(.text) for _sys_exit
    defsig_rtmem_inner.o(.text) refers to defsig_general.o(.text) for __default_signal_display
    __raise.o(.text) refers to defsig.o(CL$$defsig) for __default_signal_handler
    defsig_general.o(.text) refers to sys_wrch.o(.text) for _ttywrch
    sys_wrch.o(.text) refers (Special) to use_no_semi.o(.text) for __I$use$semihosting
    sys_wrch.o(.text) refers (Special) to indicate_semi.o(.text) for __semihosting_library_function
    sys_wrch_hlt.o(.text) refers (Special) to use_no_semi.o(.text) for __I$use$semihosting
    sys_wrch_hlt.o(.text) refers (Special) to indicate_semi.o(.text) for __semihosting_library_function
    defsig.o(CL$$defsig) refers to defsig_rtmem_inner.o(.text) for __rt_SIGRTMEM_inner
    defsig_abrt_inner.o(.text) refers to defsig_general.o(.text) for __default_signal_display
    defsig_fpe_inner.o(.text) refers to defsig_general.o(.text) for __default_signal_display
    defsig_rtred_inner.o(.text) refers to defsig_general.o(.text) for __default_signal_display
    defsig_stak_inner.o(.text) refers to defsig_general.o(.text) for __default_signal_display
    defsig_pvfn_inner.o(.text) refers to defsig_general.o(.text) for __default_signal_display
    defsig_cppl_inner.o(.text) refers to defsig_general.o(.text) for __default_signal_display
    defsig_segv_inner.o(.text) refers to defsig_general.o(.text) for __default_signal_display
    defsig_other.o(.text) refers to defsig_general.o(.text) for __default_signal_display


==============================================================================

Removing Unused input sections from the image.

    Removing main.o(.text), (0 bytes).
    Removing main.o(.ARM.exidx.text.main), (8 bytes).
    Removing main.o(.ARM.use_no_argv), (4 bytes).
    Removing system_stm32f10x.o(.text), (0 bytes).
    Removing system_stm32f10x.o(.ARM.exidx.text.SystemInit), (8 bytes).
    Removing system_stm32f10x.o(.ARM.exidx.text.SetSysClock), (8 bytes).
    Removing system_stm32f10x.o(.text.SystemCoreClockUpdate), (110 bytes).
    Removing system_stm32f10x.o(.ARM.exidx.text.SystemCoreClockUpdate), (8 bytes).
    Removing system_stm32f10x.o(.ARM.exidx.text.SetSysClockTo72), (8 bytes).
    Removing system_stm32f10x.o(.data.SystemCoreClock), (4 bytes).
    Removing system_stm32f10x.o(.rodata.AHBPrescTable), (16 bytes).
    Removing usart.o(.text), (0 bytes).
    Removing usart.o(.ARM.exidx.text.USART1_Init), (8 bytes).
    Removing usart.o(.text.USART1_SendBit), (18 bytes).
    Removing usart.o(.ARM.exidx.text.USART1_SendBit), (8 bytes).
    Removing usart.o(.text.USART1_SendString), (28 bytes).
    Removing usart.o(.ARM.exidx.text.USART1_SendString), (8 bytes).
    Removing tim3.o(.text), (0 bytes).
    Removing tim3.o(.ARM.exidx.text.Tim3_Init), (8 bytes).
    Removing tim3.o(.ARM.exidx.text.NVIC_EnableIRQ), (8 bytes).
    Removing tim3.o(.ARM.exidx.text.TIM3_IRQHandler), (8 bytes).
    Removing pwm.o(.text), (0 bytes).
    Removing pwm.o(.ARM.exidx.text.PWM_Init), (8 bytes).
    Removing pwm.o(.ARM.exidx.text.PWM_SetCompare), (8 bytes).
    Removing encoder.o(.text), (0 bytes).
    Removing encoder.o(.ARM.exidx.text.Encoder_Init), (8 bytes).
    Removing encoder.o(.text.Encoder_Update), (164 bytes).
    Removing encoder.o(.ARM.exidx.text.Encoder_Update), (8 bytes).
    Removing encoder.o(.data.encoder_first), (1 bytes).
    Removing encoder.o(.bss.now_cnt), (2 bytes).
    Removing encoder.o(.bss.last_cnt), (2 bytes).
    Removing encoder.o(.bss.delta_raw), (4 bytes).
    Removing encoder.o(.bss.delta_cnt), (2 bytes).
    Removing encoder.o(.bss.wheel_rpm), (4 bytes).
    Removing i2c2.o(.text), (0 bytes).
    Removing i2c2.o(.ARM.exidx.text.I2C2_Init), (8 bytes).
    Removing i2c2.o(.text.I2C2_ReadByte), (124 bytes).
    Removing i2c2.o(.ARM.exidx.text.I2C2_ReadByte), (8 bytes).
    Removing i2c2.o(.ARM.exidx.text.I2C2_WriteByte), (8 bytes).
    Removing i2c2.o(.ARM.exidx.text.I2C2_Recover), (8 bytes).
    Removing i2c2.o(.ARM.exidx.text.I2C2_ReadBytes), (8 bytes).
    Removing mpu6050.o(.text), (0 bytes).
    Removing mpu6050.o(.ARM.exidx.text.MPU6050_Init), (8 bytes).
    Removing mpu6050.o(.ARM.exidx.text.MPU6050_ReadGyro), (8 bytes).
    Removing mpu6050.o(.ARM.exidx.text.MPU6050_CalibrateGyro), (8 bytes).
    Removing mpu6050.o(.ARM.exidx.text.MPU6050_ReadAccel), (8 bytes).
    Removing mpu6050.o(.ARM.exidx.text.MPU6050_CalibrateAccelAngle), (8 bytes).
    Removing mpu6050.o(.ARM.exidx.text.MPU6050_GetAccelAngle), (8 bytes).
    Removing motor.o(.text), (0 bytes).
    Removing motor.o(.ARM.exidx.text.Motor_SetDirection), (8 bytes).
    Removing motor.o(.ARM.exidx.text.Motor_SetSpeed), (8 bytes).
    Removing motor.o(.ARM.exidx.text.Motor_SetBothSpeed), (8 bytes).
    Removing tim1.o(.text), (0 bytes).
    Removing tim1.o(.ARM.exidx.text.TIM1_Init), (8 bytes).
    Removing tim1.o(.ARM.exidx.text.TIM1_SetCompare), (8 bytes).
    Removing tim1.o(.ARM.exidx.text.Motor2_SetDirection), (8 bytes).
    Removing tim1.o(.ARM.exidx.text.Motor2_SetSpeed), (8 bytes).

57 unused section(s) (total 747 bytes) removed from the image.

==============================================================================

Image Symbol Table

    Local Symbols

    Symbol Name                              Value     Ov Type        Size  Object(Section)

    ../clib/angel/boardlib.s                 0x00000000   Number         0  boardinit1.o ABSOLUTE
    ../clib/angel/boardlib.s                 0x00000000   Number         0  boardinit2.o ABSOLUTE
    ../clib/angel/boardlib.s                 0x00000000   Number         0  boardinit3.o ABSOLUTE
    ../clib/angel/boardlib.s                 0x00000000   Number         0  boardshut.o ABSOLUTE
    ../clib/angel/handlers.s                 0x00000000   Number         0  __scatter_copy.o ABSOLUTE
    ../clib/angel/handlers.s                 0x00000000   Number         0  __scatter_zi.o ABSOLUTE
    ../clib/angel/kernel.s                   0x00000000   Number         0  __rtentry.o ABSOLUTE
    ../clib/angel/kernel.s                   0x00000000   Number         0  __rtentry2.o ABSOLUTE
    ../clib/angel/kernel.s                   0x00000000   Number         0  __rtentry4.o ABSOLUTE
    ../clib/angel/kernel.s                   0x00000000   Number         0  rtexit.o ABSOLUTE
    ../clib/angel/kernel.s                   0x00000000   Number         0  rtexit2.o ABSOLUTE
    ../clib/angel/rt.s                       0x00000000   Number         0  rt_errno_addr.o ABSOLUTE
    ../clib/angel/rt.s                       0x00000000   Number         0  rt_errno_addr_intlibspace.o ABSOLUTE
    ../clib/angel/rt.s                       0x00000000   Number         0  rt_raise.o ABSOLUTE
    ../clib/angel/scatter.s                  0x00000000   Number         0  __scatter.o ABSOLUTE
    ../clib/angel/startup.s                  0x00000000   Number         0  __main.o ABSOLUTE
    ../clib/angel/sys.s                      0x00000000   Number         0  libspace.o ABSOLUTE
    ../clib/angel/sys.s                      0x00000000   Number         0  sys_stackheap_outer.o ABSOLUTE
    ../clib/angel/sys.s                      0x00000000   Number         0  use_no_semi.o ABSOLUTE
    ../clib/angel/sys.s                      0x00000000   Number         0  indicate_semi.o ABSOLUTE
    ../clib/angel/sysapp.c                   0x00000000   Number         0  sys_exit.o ABSOLUTE
    ../clib/angel/sysapp.c                   0x00000000   Number         0  sys_exit_hlt.o ABSOLUTE
    ../clib/angel/sysapp.c                   0x00000000   Number         0  sys_command.o ABSOLUTE
    ../clib/angel/sysapp.c                   0x00000000   Number         0  sys_command_hlt.o ABSOLUTE
    ../clib/angel/sysapp.c                   0x00000000   Number         0  sys_wrch.o ABSOLUTE
    ../clib/angel/sysapp.c                   0x00000000   Number         0  sys_wrch_hlt.o ABSOLUTE
    ../clib/armsys.c                         0x00000000   Number         0  argv_veneer.o ABSOLUTE
    ../clib/armsys.c                         0x00000000   Number         0  argv_veneer.o ABSOLUTE
    ../clib/armsys.c                         0x00000000   Number         0  _get_argv_nomalloc.o ABSOLUTE
    ../clib/armsys.c                         0x00000000   Number         0  no_argv.o ABSOLUTE
    ../clib/fenv.c                           0x00000000   Number         0  _rserrno.o ABSOLUTE
    ../clib/heapalloc.c                      0x00000000   Number         0  hrguard.o ABSOLUTE
    ../clib/heapaux.c                        0x00000000   Number         0  heapauxi.o ABSOLUTE
    ../clib/libinit.s                        0x00000000   Number         0  libinit.o ABSOLUTE
    ../clib/libinit.s                        0x00000000   Number         0  libinit2.o ABSOLUTE
    ../clib/libinit.s                        0x00000000   Number         0  libshutdown.o ABSOLUTE
    ../clib/libinit.s                        0x00000000   Number         0  libshutdown2.o ABSOLUTE
    ../clib/signal.c                         0x00000000   Number         0  defsig_rtmem_outer.o ABSOLUTE
    ../clib/signal.c                         0x00000000   Number         0  defsig_rtmem_formal.o ABSOLUTE
    ../clib/signal.c                         0x00000000   Number         0  defsig_exit.o ABSOLUTE
    ../clib/signal.c                         0x00000000   Number         0  defsig_rtmem_inner.o ABSOLUTE
    ../clib/signal.c                         0x00000000   Number         0  __raise.o ABSOLUTE
    ../clib/signal.c                         0x00000000   Number         0  defsig_general.o ABSOLUTE
    ../clib/signal.c                         0x00000000   Number         0  defsig_abrt_inner.o ABSOLUTE
    ../clib/signal.c                         0x00000000   Number         0  defsig_fpe_inner.o ABSOLUTE
    ../clib/signal.c                         0x00000000   Number         0  defsig_rtred_inner.o ABSOLUTE
    ../clib/signal.c                         0x00000000   Number         0  defsig_stak_inner.o ABSOLUTE
    ../clib/signal.c                         0x00000000   Number         0  defsig_pvfn_inner.o ABSOLUTE
    ../clib/signal.c                         0x00000000   Number         0  defsig_cppl_inner.o ABSOLUTE
    ../clib/signal.c                         0x00000000   Number         0  defsig_segv_inner.o ABSOLUTE
    ../clib/signal.c                         0x00000000   Number         0  defsig_other.o ABSOLUTE
    ../clib/signal.s                         0x00000000   Number         0  defsig.o ABSOLUTE
    ../clib/stdlib.c                         0x00000000   Number         0  exit.o ABSOLUTE
    ../fplib/faddsub.s                       0x00000000   Number         0  faddsub_clz.o ABSOLUTE
    ../fplib/fcheck1.s                       0x00000000   Number         0  fcheck1.o ABSOLUTE
    ../fplib/fdiv.s                          0x00000000   Number         0  fdiv.o ABSOLUTE
    ../fplib/ffix.s                          0x00000000   Number         0  ffix.o ABSOLUTE
    ../fplib/fflt.s                          0x00000000   Number         0  fflt_clz.o ABSOLUTE
    ../fplib/fmul.s                          0x00000000   Number         0  fmul.o ABSOLUTE
    ../fplib/fnaninf.s                       0x00000000   Number         0  fnaninf.o ABSOLUTE
    ../fplib/fpinit.s                        0x00000000   Number         0  fpinit.o ABSOLUTE
    ../fplib/fpinit_empty.s                  0x00000000   Number         0  fpinit_empty.o ABSOLUTE
    ../fplib/fretinf.s                       0x00000000   Number         0  fretinf.o ABSOLUTE
    ../fplib/retnan.s                        0x00000000   Number         0  retnan.o ABSOLUTE
    ../fplib/scalbnf.s                       0x00000000   Number         0  scalbnf.o ABSOLUTE
    ../fplib/trapv.s                         0x00000000   Number         0  trapv.o ABSOLUTE
    ../fplib/usenofp.s                       0x00000000   Number         0  usenofp.o ABSOLUTE
    ../mathlib/atan2f.c                      0x00000000   Number         0  atan2f.o ABSOLUTE
    ../mathlib/atan2f.c                      0x00000000   Number         0  atan2f_x.o ABSOLUTE
    ../mathlib/fpclassifyf.c                 0x00000000   Number         0  fpclassifyf.o ABSOLUTE
    ../mathlib/funder.c                      0x00000000   Number         0  funder.o ABSOLUTE
    ENCODER.c                                0x00000000   Number         0  encoder.o ABSOLUTE
    I2C2.c                                   0x00000000   Number         0  i2c2.o ABSOLUTE
    MOTOR.c                                  0x00000000   Number         0  motor.o ABSOLUTE
    MPU6050.c                                0x00000000   Number         0  mpu6050.o ABSOLUTE
    PWM.c                                    0x00000000   Number         0  pwm.o ABSOLUTE
    STARTUP/startup_stm32f10x_md.s           0x00000000   Number         0  startup_stm32f10x_md.o ABSOLUTE
    TIM1.c                                   0x00000000   Number         0  tim1.o ABSOLUTE
    TIM3.c                                   0x00000000   Number         0  tim3.o ABSOLUTE
    USART.c                                  0x00000000   Number         0  usart.o ABSOLUTE
    dc.s                                     0x00000000   Number         0  dc.o ABSOLUTE
    main.c                                   0x00000000   Number         0  main.o ABSOLUTE
    system_stm32f10x.c                       0x00000000   Number         0  system_stm32f10x.o ABSOLUTE
    RESET                                    0x08000000   Section      236  startup_stm32f10x_md.o(RESET)
    !!!main                                  0x080000ec   Section        8  __main.o(!!!main)
    !!!scatter                               0x080000f4   Section       52  __scatter.o(!!!scatter)
    !!handler_copy                           0x08000128   Section       26  __scatter_copy.o(!!handler_copy)
    !!handler_zi                             0x08000144   Section       28  __scatter_zi.o(!!handler_zi)
    .ARM.Collect$$libinit$$00000000          0x08000160   Section        2  libinit.o(.ARM.Collect$$libinit$$00000000)
    .ARM.Collect$$libinit$$00000002          0x08000162   Section        0  libinit2.o(.ARM.Collect$$libinit$$00000002)
    .ARM.Collect$$libinit$$00000004          0x08000162   Section        0  libinit2.o(.ARM.Collect$$libinit$$00000004)
    .ARM.Collect$$libinit$$0000000A          0x08000162   Section        0  libinit2.o(.ARM.Collect$$libinit$$0000000A)
    .ARM.Collect$$libinit$$0000000C          0x08000162   Section        0  libinit2.o(.ARM.Collect$$libinit$$0000000C)
    .ARM.Collect$$libinit$$0000000E          0x08000162   Section        0  libinit2.o(.ARM.Collect$$libinit$$0000000E)
    .ARM.Collect$$libinit$$00000011          0x08000162   Section        0  libinit2.o(.ARM.Collect$$libinit$$00000011)
    .ARM.Collect$$libinit$$00000013          0x08000162   Section        0  libinit2.o(.ARM.Collect$$libinit$$00000013)
    .ARM.Collect$$libinit$$00000015          0x08000162   Section        0  libinit2.o(.ARM.Collect$$libinit$$00000015)
    .ARM.Collect$$libinit$$00000017          0x08000162   Section        0  libinit2.o(.ARM.Collect$$libinit$$00000017)
    .ARM.Collect$$libinit$$00000019          0x08000162   Section        0  libinit2.o(.ARM.Collect$$libinit$$00000019)
    .ARM.Collect$$libinit$$0000001B          0x08000162   Section        0  libinit2.o(.ARM.Collect$$libinit$$0000001B)
    .ARM.Collect$$libinit$$0000001D          0x08000162   Section        0  libinit2.o(.ARM.Collect$$libinit$$0000001D)
    .ARM.Collect$$libinit$$0000001F          0x08000162   Section        0  libinit2.o(.ARM.Collect$$libinit$$0000001F)
    .ARM.Collect$$libinit$$00000021          0x08000162   Section        0  libinit2.o(.ARM.Collect$$libinit$$00000021)
    .ARM.Collect$$libinit$$00000023          0x08000162   Section        0  libinit2.o(.ARM.Collect$$libinit$$00000023)
    .ARM.Collect$$libinit$$00000025          0x08000162   Section        0  libinit2.o(.ARM.Collect$$libinit$$00000025)
    .ARM.Collect$$libinit$$0000002C          0x08000162   Section        0  libinit2.o(.ARM.Collect$$libinit$$0000002C)
    .ARM.Collect$$libinit$$0000002E          0x08000162   Section        0  libinit2.o(.ARM.Collect$$libinit$$0000002E)
    .ARM.Collect$$libinit$$00000030          0x08000162   Section        0  libinit2.o(.ARM.Collect$$libinit$$00000030)
    .ARM.Collect$$libinit$$00000032          0x08000162   Section        0  libinit2.o(.ARM.Collect$$libinit$$00000032)
    .ARM.Collect$$libinit$$00000033          0x08000162   Section        2  libinit2.o(.ARM.Collect$$libinit$$00000033)
    .ARM.Collect$$libshutdown$$00000000      0x08000164   Section        2  libshutdown.o(.ARM.Collect$$libshutdown$$00000000)
    .ARM.Collect$$libshutdown$$00000002      0x08000166   Section        0  libshutdown2.o(.ARM.Collect$$libshutdown$$00000002)
    .ARM.Collect$$libshutdown$$00000004      0x08000166   Section        0  libshutdown2.o(.ARM.Collect$$libshutdown$$00000004)
    .ARM.Collect$$libshutdown$$00000007      0x08000166   Section        0  libshutdown2.o(.ARM.Collect$$libshutdown$$00000007)
    .ARM.Collect$$libshutdown$$0000000A      0x08000166   Section        0  libshutdown2.o(.ARM.Collect$$libshutdown$$0000000A)
    .ARM.Collect$$libshutdown$$0000000C      0x08000166   Section        0  libshutdown2.o(.ARM.Collect$$libshutdown$$0000000C)
    .ARM.Collect$$libshutdown$$0000000F      0x08000166   Section        0  libshutdown2.o(.ARM.Collect$$libshutdown$$0000000F)
    .ARM.Collect$$libshutdown$$00000010      0x08000166   Section        2  libshutdown2.o(.ARM.Collect$$libshutdown$$00000010)
    .ARM.Collect$$rtentry$$00000000          0x08000168   Section        0  __rtentry.o(.ARM.Collect$$rtentry$$00000000)
    .ARM.Collect$$rtentry$$00000002          0x08000168   Section        0  __rtentry2.o(.ARM.Collect$$rtentry$$00000002)
    .ARM.Collect$$rtentry$$00000004          0x08000168   Section        6  __rtentry4.o(.ARM.Collect$$rtentry$$00000004)
    .ARM.Collect$$rtentry$$00000009          0x0800016e   Section        0  __rtentry2.o(.ARM.Collect$$rtentry$$00000009)
    .ARM.Collect$$rtentry$$0000000A          0x0800016e   Section        4  __rtentry2.o(.ARM.Collect$$rtentry$$0000000A)
    .ARM.Collect$$rtentry$$0000000C          0x08000172   Section        0  __rtentry2.o(.ARM.Collect$$rtentry$$0000000C)
    .ARM.Collect$$rtentry$$0000000D          0x08000172   Section        8  __rtentry2.o(.ARM.Collect$$rtentry$$0000000D)
    .ARM.Collect$$rtexit$$00000000           0x0800017a   Section        2  rtexit.o(.ARM.Collect$$rtexit$$00000000)
    .ARM.Collect$$rtexit$$00000002           0x0800017c   Section        0  rtexit2.o(.ARM.Collect$$rtexit$$00000002)
    .ARM.Collect$$rtexit$$00000003           0x0800017c   Section        4  rtexit2.o(.ARM.Collect$$rtexit$$00000003)
    .ARM.Collect$$rtexit$$00000004           0x08000180   Section        6  rtexit2.o(.ARM.Collect$$rtexit$$00000004)
    .text                                    0x08000188   Section       64  startup_stm32f10x_md.o(.text)
    .text                                    0x080001c8   Section        0  heapauxi.o(.text)
    .text                                    0x080001ce   Section        0  _rserrno.o(.text)
    .text                                    0x080001e4   Section        8  rt_errno_addr_intlibspace.o(.text)
    .text                                    0x080001ec   Section        8  libspace.o(.text)
    .text                                    0x080001f4   Section       74  sys_stackheap_outer.o(.text)
    .text                                    0x0800023e   Section        0  exit.o(.text)
    .text                                    0x08000250   Section        0  sys_exit.o(.text)
    .text                                    0x0800025c   Section        2  use_no_semi.o(.text)
    .text                                    0x0800025e   Section        0  indicate_semi.o(.text)
    [Anonymous Symbol]                       0x08000260   Section        0  encoder.o(.text.Encoder_Init)
    [Anonymous Symbol]                       0x080002fc   Section        0  i2c2.o(.text.I2C2_Init)
    [Anonymous Symbol]                       0x0800035c   Section        0  i2c2.o(.text.I2C2_ReadBytes)
    [Anonymous Symbol]                       0x08000434   Section        0  i2c2.o(.text.I2C2_Recover)
    [Anonymous Symbol]                       0x080004e0   Section        0  i2c2.o(.text.I2C2_WriteByte)
    [Anonymous Symbol]                       0x08000580   Section        0  mpu6050.o(.text.MPU6050_CalibrateAccelAngle)
    [Anonymous Symbol]                       0x080005ec   Section        0  mpu6050.o(.text.MPU6050_CalibrateGyro)
    [Anonymous Symbol]                       0x08000678   Section        0  mpu6050.o(.text.MPU6050_GetAccelAngle)
    [Anonymous Symbol]                       0x080006b8   Section        0  mpu6050.o(.text.MPU6050_Init)
    [Anonymous Symbol]                       0x080006dc   Section        0  mpu6050.o(.text.MPU6050_ReadAccel)
    [Anonymous Symbol]                       0x08000738   Section        0  mpu6050.o(.text.MPU6050_ReadGyro)
    [Anonymous Symbol]                       0x080007c0   Section        0  tim1.o(.text.Motor2_SetDirection)
    [Anonymous Symbol]                       0x080007f0   Section        0  tim1.o(.text.Motor2_SetSpeed)
    [Anonymous Symbol]                       0x08000824   Section        0  motor.o(.text.Motor_SetBothSpeed)
    [Anonymous Symbol]                       0x08000834   Section        0  motor.o(.text.Motor_SetDirection)
    [Anonymous Symbol]                       0x08000864   Section        0  motor.o(.text.Motor_SetSpeed)
    NVIC_EnableIRQ                           0x08000899   Thumb Code    16  tim3.o(.text.NVIC_EnableIRQ)
    [Anonymous Symbol]                       0x08000898   Section        0  tim3.o(.text.NVIC_EnableIRQ)
    [Anonymous Symbol]                       0x080008a8   Section        0  pwm.o(.text.PWM_Init)
    [Anonymous Symbol]                       0x0800093c   Section        0  pwm.o(.text.PWM_SetCompare)
    SetSysClock                              0x08000949   Thumb Code     8  system_stm32f10x.o(.text.SetSysClock)
    [Anonymous Symbol]                       0x08000948   Section        0  system_stm32f10x.o(.text.SetSysClock)
    SetSysClockTo72                          0x08000951   Thumb Code   190  system_stm32f10x.o(.text.SetSysClockTo72)
    [Anonymous Symbol]                       0x08000950   Section        0  system_stm32f10x.o(.text.SetSysClockTo72)
    [Anonymous Symbol]                       0x08000a10   Section        0  system_stm32f10x.o(.text.SystemInit)
    [Anonymous Symbol]                       0x08000a68   Section        0  tim1.o(.text.TIM1_Init)
    [Anonymous Symbol]                       0x08000af4   Section        0  tim1.o(.text.TIM1_SetCompare)
    [Anonymous Symbol]                       0x08000b00   Section        0  tim3.o(.text.TIM3_IRQHandler)
    [Anonymous Symbol]                       0x08000b28   Section        0  tim3.o(.text.Tim3_Init)
    [Anonymous Symbol]                       0x08000b6c   Section        0  usart.o(.text.USART1_Init)
    [Anonymous Symbol]                       0x08000bd8   Section        0  main.o(.text.main)
    i.__ARM_fpclassifyf                      0x08000cca   Section        0  fpclassifyf.o(i.__ARM_fpclassifyf)
    i.__mathlib_flt_infnan2                  0x08000cf0   Section        0  funder.o(i.__mathlib_flt_infnan2)
    i.__mathlib_flt_underflow                0x08000cf4   Section        0  funder.o(i.__mathlib_flt_underflow)
    i.atan2f                                 0x08000d00   Section        0  atan2f.o(i.atan2f)
    x$fpl$fadd                               0x08000fa4   Section      196  faddsub_clz.o(x$fpl$fadd)
    _fadd1                                   0x08000fb3   Thumb Code     0  faddsub_clz.o(x$fpl$fadd)
    x$fpl$fcheck1                            0x08001068   Section       12  fcheck1.o(x$fpl$fcheck1)
    _fdiv1                                   0x08001075   Thumb Code     0  fdiv.o(x$fpl$fdiv)
    x$fpl$fdiv                               0x08001074   Section      388  fdiv.o(x$fpl$fdiv)
    x$fpl$ffix                               0x080011f8   Section       54  ffix.o(x$fpl$ffix)
    x$fpl$fflt                               0x08001230   Section       48  fflt_clz.o(x$fpl$fflt)
    x$fpl$fmul                               0x08001260   Section      258  fmul.o(x$fpl$fmul)
    x$fpl$fnaninf                            0x08001362   Section      140  fnaninf.o(x$fpl$fnaninf)
    x$fpl$fretinf                            0x080013ee   Section       10  fretinf.o(x$fpl$fretinf)
    x$fpl$frsb                               0x080013f8   Section       20  faddsub_clz.o(x$fpl$frsb)
    x$fpl$fsub                               0x0800140c   Section      234  faddsub_clz.o(x$fpl$fsub)
    _fsub1                                   0x0800141b   Thumb Code     0  faddsub_clz.o(x$fpl$fsub)
    x$fpl$retnan                             0x080014f6   Section      100  retnan.o(x$fpl$retnan)
    x$fpl$scalbnf                            0x0800155a   Section       76  scalbnf.o(x$fpl$scalbnf)
    x$fpl$trapveneer                         0x080015a6   Section       48  trapv.o(x$fpl$trapveneer)
    x$fpl$usenofp                            0x080015d6   Section        0  usenofp.o(x$fpl$usenofp)
    .bss                                     0x20000008   Section       96  libspace.o(.bss)
    Heap_Mem                                 0x20000098   Data         512  startup_stm32f10x_md.o(HEAP)
    HEAP                                     0x20000098   Section      512  startup_stm32f10x_md.o(HEAP)
    Stack_Mem                                0x20000298   Data        1024  startup_stm32f10x_md.o(STACK)
    STACK                                    0x20000298   Section     1024  startup_stm32f10x_md.o(STACK)
    __initial_sp                             0x20000698   Data           0  startup_stm32f10x_md.o(STACK)

    Global Symbols

    Symbol Name                              Value     Ov Type        Size  Object(Section)

    BuildAttributes$$THM_ISAv4$P$D$K$B$S$PE$A:L22UL41UL21$X:L11$S22US41US21$IEEE1$IW$~IW$USESV6$~STKCKD$USESV7$~SHL$OTIME$ROPI$IEEEX$EBA8$UX$STANDARDLIB$REQ8$PRES8$EABIv2 0x00000000   Number         0  anon$$obj.o ABSOLUTE
    __fp_init_empty                          0x00000000   Number         0  fpinit_empty.o ABSOLUTE
    __ARM_exceptions_init                     - Undefined Weak Reference
    __alloca_initialize                       - Undefined Weak Reference
    __arm_preinit_                            - Undefined Weak Reference
    __cpp_initialize__aeabi_                  - Undefined Weak Reference
    __cxa_finalize                            - Undefined Weak Reference
    __rt_locale                               - Undefined Weak Reference
    __sigvec_lookup                           - Undefined Weak Reference
    _atexit_init                              - Undefined Weak Reference
    _call_atexit_fns                          - Undefined Weak Reference
    _clock_init                               - Undefined Weak Reference
    _fp_trap_init                             - Undefined Weak Reference
    _fp_trap_shutdown                         - Undefined Weak Reference
    _get_lc_collate                           - Undefined Weak Reference
    _get_lc_ctype                             - Undefined Weak Reference
    _get_lc_monetary                          - Undefined Weak Reference
    _get_lc_numeric                           - Undefined Weak Reference
    _get_lc_time                              - Undefined Weak Reference
    _getenv_init                              - Undefined Weak Reference
    _handle_redirection                       - Undefined Weak Reference
    _init_alloc                               - Undefined Weak Reference
    _init_user_alloc                          - Undefined Weak Reference
    _initio                                   - Undefined Weak Reference
    _rand_init                                - Undefined Weak Reference
    _signal_finish                            - Undefined Weak Reference
    _signal_init                              - Undefined Weak Reference
    _terminate_alloc                          - Undefined Weak Reference
    _terminate_user_alloc                     - Undefined Weak Reference
    _terminateio                              - Undefined Weak Reference
    __Vectors_Size                           0x000000ec   Number         0  startup_stm32f10x_md.o ABSOLUTE
    __Vectors                                0x08000000   Data           4  startup_stm32f10x_md.o(RESET)
    __Vectors_End                            0x080000ec   Data           0  startup_stm32f10x_md.o(RESET)
    __main                                   0x080000ed   Thumb Code     8  __main.o(!!!main)
    __scatterload                            0x080000f5   Thumb Code     0  __scatter.o(!!!scatter)
    __scatterload_rt2                        0x080000f5   Thumb Code    44  __scatter.o(!!!scatter)
    __scatterload_rt2_thumb_only             0x080000f5   Thumb Code     0  __scatter.o(!!!scatter)
    __scatterload_null                       0x08000103   Thumb Code     0  __scatter.o(!!!scatter)
    __scatterload_copy                       0x08000129   Thumb Code    26  __scatter_copy.o(!!handler_copy)
    __scatterload_zeroinit                   0x08000145   Thumb Code    28  __scatter_zi.o(!!handler_zi)
    __rt_lib_init                            0x08000161   Thumb Code     0  libinit.o(.ARM.Collect$$libinit$$00000000)
    __rt_lib_init_alloca_1                   0x08000163   Thumb Code     0  libinit2.o(.ARM.Collect$$libinit$$0000002E)
    __rt_lib_init_argv_1                     0x08000163   Thumb Code     0  libinit2.o(.ARM.Collect$$libinit$$0000002C)
    __rt_lib_init_atexit_1                   0x08000163   Thumb Code     0  libinit2.o(.ARM.Collect$$libinit$$0000001B)
    __rt_lib_init_clock_1                    0x08000163   Thumb Code     0  libinit2.o(.ARM.Collect$$libinit$$00000021)
    __rt_lib_init_cpp_1                      0x08000163   Thumb Code     0  libinit2.o(.ARM.Collect$$libinit$$00000032)
    __rt_lib_init_exceptions_1               0x08000163   Thumb Code     0  libinit2.o(.ARM.Collect$$libinit$$00000030)
    __rt_lib_init_fp_1                       0x08000163   Thumb Code     0  libinit2.o(.ARM.Collect$$libinit$$00000002)
    __rt_lib_init_fp_trap_1                  0x08000163   Thumb Code     0  libinit2.o(.ARM.Collect$$libinit$$0000001F)
    __rt_lib_init_getenv_1                   0x08000163   Thumb Code     0  libinit2.o(.ARM.Collect$$libinit$$00000023)
    __rt_lib_init_heap_1                     0x08000163   Thumb Code     0  libinit2.o(.ARM.Collect$$libinit$$0000000A)
    __rt_lib_init_lc_collate_1               0x08000163   Thumb Code     0  libinit2.o(.ARM.Collect$$libinit$$00000011)
    __rt_lib_init_lc_ctype_1                 0x08000163   Thumb Code     0  libinit2.o(.ARM.Collect$$libinit$$00000013)
    __rt_lib_init_lc_monetary_1              0x08000163   Thumb Code     0  libinit2.o(.ARM.Collect$$libinit$$00000015)
    __rt_lib_init_lc_numeric_1               0x08000163   Thumb Code     0  libinit2.o(.ARM.Collect$$libinit$$00000017)
    __rt_lib_init_lc_time_1                  0x08000163   Thumb Code     0  libinit2.o(.ARM.Collect$$libinit$$00000019)
    __rt_lib_init_preinit_1                  0x08000163   Thumb Code     0  libinit2.o(.ARM.Collect$$libinit$$00000004)
    __rt_lib_init_rand_1                     0x08000163   Thumb Code     0  libinit2.o(.ARM.Collect$$libinit$$0000000E)
    __rt_lib_init_return                     0x08000163   Thumb Code     0  libinit2.o(.ARM.Collect$$libinit$$00000033)
    __rt_lib_init_signal_1                   0x08000163   Thumb Code     0  libinit2.o(.ARM.Collect$$libinit$$0000001D)
    __rt_lib_init_stdio_1                    0x08000163   Thumb Code     0  libinit2.o(.ARM.Collect$$libinit$$00000025)
    __rt_lib_init_user_alloc_1               0x08000163   Thumb Code     0  libinit2.o(.ARM.Collect$$libinit$$0000000C)
    __rt_lib_shutdown                        0x08000165   Thumb Code     0  libshutdown.o(.ARM.Collect$$libshutdown$$00000000)
    __rt_lib_shutdown_cpp_1                  0x08000167   Thumb Code     0  libshutdown2.o(.ARM.Collect$$libshutdown$$00000002)
    __rt_lib_shutdown_fp_trap_1              0x08000167   Thumb Code     0  libshutdown2.o(.ARM.Collect$$libshutdown$$00000007)
    __rt_lib_shutdown_heap_1                 0x08000167   Thumb Code     0  libshutdown2.o(.ARM.Collect$$libshutdown$$0000000F)
    __rt_lib_shutdown_return                 0x08000167   Thumb Code     0  libshutdown2.o(.ARM.Collect$$libshutdown$$00000010)
    __rt_lib_shutdown_signal_1               0x08000167   Thumb Code     0  libshutdown2.o(.ARM.Collect$$libshutdown$$0000000A)
    __rt_lib_shutdown_stdio_1                0x08000167   Thumb Code     0  libshutdown2.o(.ARM.Collect$$libshutdown$$00000004)
    __rt_lib_shutdown_user_alloc_1           0x08000167   Thumb Code     0  libshutdown2.o(.ARM.Collect$$libshutdown$$0000000C)
    __rt_entry                               0x08000169   Thumb Code     0  __rtentry.o(.ARM.Collect$$rtentry$$00000000)
    __rt_entry_presh_1                       0x08000169   Thumb Code     0  __rtentry2.o(.ARM.Collect$$rtentry$$00000002)
    __rt_entry_sh                            0x08000169   Thumb Code     0  __rtentry4.o(.ARM.Collect$$rtentry$$00000004)
    __rt_entry_li                            0x0800016f   Thumb Code     0  __rtentry2.o(.ARM.Collect$$rtentry$$0000000A)
    __rt_entry_postsh_1                      0x0800016f   Thumb Code     0  __rtentry2.o(.ARM.Collect$$rtentry$$00000009)
    __rt_entry_main                          0x08000173   Thumb Code     0  __rtentry2.o(.ARM.Collect$$rtentry$$0000000D)
    __rt_entry_postli_1                      0x08000173   Thumb Code     0  __rtentry2.o(.ARM.Collect$$rtentry$$0000000C)
    __rt_exit                                0x0800017b   Thumb Code     0  rtexit.o(.ARM.Collect$$rtexit$$00000000)
    __rt_exit_ls                             0x0800017d   Thumb Code     0  rtexit2.o(.ARM.Collect$$rtexit$$00000003)
    __rt_exit_prels_1                        0x0800017d   Thumb Code     0  rtexit2.o(.ARM.Collect$$rtexit$$00000002)
    __rt_exit_exit                           0x08000181   Thumb Code     0  rtexit2.o(.ARM.Collect$$rtexit$$00000004)
    Reset_Handler                            0x08000189   Thumb Code     8  startup_stm32f10x_md.o(.text)
    NMI_Handler                              0x08000191   Thumb Code     2  startup_stm32f10x_md.o(.text)
    HardFault_Handler                        0x08000193   Thumb Code     2  startup_stm32f10x_md.o(.text)
    MemManage_Handler                        0x08000195   Thumb Code     2  startup_stm32f10x_md.o(.text)
    BusFault_Handler                         0x08000197   Thumb Code     2  startup_stm32f10x_md.o(.text)
    UsageFault_Handler                       0x08000199   Thumb Code     2  startup_stm32f10x_md.o(.text)
    SVC_Handler                              0x0800019b   Thumb Code     2  startup_stm32f10x_md.o(.text)
    DebugMon_Handler                         0x0800019d   Thumb Code     2  startup_stm32f10x_md.o(.text)
    PendSV_Handler                           0x0800019f   Thumb Code     2  startup_stm32f10x_md.o(.text)
    SysTick_Handler                          0x080001a1   Thumb Code     2  startup_stm32f10x_md.o(.text)
    ADC1_2_IRQHandler                        0x080001a3   Thumb Code     0  startup_stm32f10x_md.o(.text)
    CAN1_RX1_IRQHandler                      0x080001a3   Thumb Code     0  startup_stm32f10x_md.o(.text)
    CAN1_SCE_IRQHandler                      0x080001a3   Thumb Code     0  startup_stm32f10x_md.o(.text)
    DMA1_Channel1_IRQHandler                 0x080001a3   Thumb Code     0  startup_stm32f10x_md.o(.text)
    DMA1_Channel2_IRQHandler                 0x080001a3   Thumb Code     0  startup_stm32f10x_md.o(.text)
    DMA1_Channel3_IRQHandler                 0x080001a3   Thumb Code     0  startup_stm32f10x_md.o(.text)
    DMA1_Channel4_IRQHandler                 0x080001a3   Thumb Code     0  startup_stm32f10x_md.o(.text)
    DMA1_Channel5_IRQHandler                 0x080001a3   Thumb Code     0  startup_stm32f10x_md.o(.text)
    DMA1_Channel6_IRQHandler                 0x080001a3   Thumb Code     0  startup_stm32f10x_md.o(.text)
    DMA1_Channel7_IRQHandler                 0x080001a3   Thumb Code     0  startup_stm32f10x_md.o(.text)
    EXTI0_IRQHandler                         0x080001a3   Thumb Code     0  startup_stm32f10x_md.o(.text)
    EXTI15_10_IRQHandler                     0x080001a3   Thumb Code     0  startup_stm32f10x_md.o(.text)
    EXTI1_IRQHandler                         0x080001a3   Thumb Code     0  startup_stm32f10x_md.o(.text)
    EXTI2_IRQHandler                         0x080001a3   Thumb Code     0  startup_stm32f10x_md.o(.text)
    EXTI3_IRQHandler                         0x080001a3   Thumb Code     0  startup_stm32f10x_md.o(.text)
    EXTI4_IRQHandler                         0x080001a3   Thumb Code     0  startup_stm32f10x_md.o(.text)
    EXTI9_5_IRQHandler                       0x080001a3   Thumb Code     0  startup_stm32f10x_md.o(.text)
    FLASH_IRQHandler                         0x080001a3   Thumb Code     0  startup_stm32f10x_md.o(.text)
    I2C1_ER_IRQHandler                       0x080001a3   Thumb Code     0  startup_stm32f10x_md.o(.text)
    I2C1_EV_IRQHandler                       0x080001a3   Thumb Code     0  startup_stm32f10x_md.o(.text)
    I2C2_ER_IRQHandler                       0x080001a3   Thumb Code     0  startup_stm32f10x_md.o(.text)
    I2C2_EV_IRQHandler                       0x080001a3   Thumb Code     0  startup_stm32f10x_md.o(.text)
    PVD_IRQHandler                           0x080001a3   Thumb Code     0  startup_stm32f10x_md.o(.text)
    RCC_IRQHandler                           0x080001a3   Thumb Code     0  startup_stm32f10x_md.o(.text)
    RTCAlarm_IRQHandler                      0x080001a3   Thumb Code     0  startup_stm32f10x_md.o(.text)
    RTC_IRQHandler                           0x080001a3   Thumb Code     0  startup_stm32f10x_md.o(.text)
    SPI1_IRQHandler                          0x080001a3   Thumb Code     0  startup_stm32f10x_md.o(.text)
    SPI2_IRQHandler                          0x080001a3   Thumb Code     0  startup_stm32f10x_md.o(.text)
    TAMPER_IRQHandler                        0x080001a3   Thumb Code     0  startup_stm32f10x_md.o(.text)
    TIM1_BRK_IRQHandler                      0x080001a3   Thumb Code     0  startup_stm32f10x_md.o(.text)
    TIM1_CC_IRQHandler                       0x080001a3   Thumb Code     0  startup_stm32f10x_md.o(.text)
    TIM1_TRG_COM_IRQHandler                  0x080001a3   Thumb Code     0  startup_stm32f10x_md.o(.text)
    TIM1_UP_IRQHandler                       0x080001a3   Thumb Code     0  startup_stm32f10x_md.o(.text)
    TIM2_IRQHandler                          0x080001a3   Thumb Code     0  startup_stm32f10x_md.o(.text)
    TIM4_IRQHandler                          0x080001a3   Thumb Code     0  startup_stm32f10x_md.o(.text)
    USART1_IRQHandler                        0x080001a3   Thumb Code     0  startup_stm32f10x_md.o(.text)
    USART2_IRQHandler                        0x080001a3   Thumb Code     0  startup_stm32f10x_md.o(.text)
    USART3_IRQHandler                        0x080001a3   Thumb Code     0  startup_stm32f10x_md.o(.text)
    USBWakeUp_IRQHandler                     0x080001a3   Thumb Code     0  startup_stm32f10x_md.o(.text)
    USB_HP_CAN1_TX_IRQHandler                0x080001a3   Thumb Code     0  startup_stm32f10x_md.o(.text)
    USB_LP_CAN1_RX0_IRQHandler               0x080001a3   Thumb Code     0  startup_stm32f10x_md.o(.text)
    WWDG_IRQHandler                          0x080001a3   Thumb Code     0  startup_stm32f10x_md.o(.text)
    __user_initial_stackheap                 0x080001a5   Thumb Code     0  startup_stm32f10x_md.o(.text)
    __use_two_region_memory                  0x080001c9   Thumb Code     2  heapauxi.o(.text)
    __rt_heap_escrow$2region                 0x080001cb   Thumb Code     2  heapauxi.o(.text)
    __rt_heap_expand$2region                 0x080001cd   Thumb Code     2  heapauxi.o(.text)
    __read_errno                             0x080001cf   Thumb Code    10  _rserrno.o(.text)
    __set_errno                              0x080001d9   Thumb Code    12  _rserrno.o(.text)
    __aeabi_errno_addr                       0x080001e5   Thumb Code     8  rt_errno_addr_intlibspace.o(.text)
    __errno$intlibspace                      0x080001e5   Thumb Code     0  rt_errno_addr_intlibspace.o(.text)
    __rt_errno_addr$intlibspace              0x080001e5   Thumb Code     0  rt_errno_addr_intlibspace.o(.text)
    __user_libspace                          0x080001ed   Thumb Code     8  libspace.o(.text)
    __user_perproc_libspace                  0x080001ed   Thumb Code     0  libspace.o(.text)
    __user_perthread_libspace                0x080001ed   Thumb Code     0  libspace.o(.text)
    __user_setup_stackheap                   0x080001f5   Thumb Code    74  sys_stackheap_outer.o(.text)
    exit                                     0x0800023f   Thumb Code    18  exit.o(.text)
    _sys_exit                                0x08000251   Thumb Code     8  sys_exit.o(.text)
    __I$use$semihosting                      0x0800025d   Thumb Code     0  use_no_semi.o(.text)
    __use_no_semihosting_swi                 0x0800025d   Thumb Code     2  use_no_semi.o(.text)
    __semihosting_library_function           0x0800025f   Thumb Code     0  indicate_semi.o(.text)
    Encoder_Init                             0x08000261   Thumb Code   156  encoder.o(.text.Encoder_Init)
    I2C2_Init                                0x080002fd   Thumb Code    94  i2c2.o(.text.I2C2_Init)
    I2C2_ReadBytes                           0x0800035d   Thumb Code   216  i2c2.o(.text.I2C2_ReadBytes)
    I2C2_Recover                             0x08000435   Thumb Code   172  i2c2.o(.text.I2C2_Recover)
    I2C2_WriteByte                           0x080004e1   Thumb Code   160  i2c2.o(.text.I2C2_WriteByte)
    MPU6050_CalibrateAccelAngle              0x08000581   Thumb Code   108  mpu6050.o(.text.MPU6050_CalibrateAccelAngle)
    MPU6050_CalibrateGyro                    0x080005ed   Thumb Code   138  mpu6050.o(.text.MPU6050_CalibrateGyro)
    MPU6050_GetAccelAngle                    0x08000679   Thumb Code    62  mpu6050.o(.text.MPU6050_GetAccelAngle)
    MPU6050_Init                             0x080006b9   Thumb Code    36  mpu6050.o(.text.MPU6050_Init)
    MPU6050_ReadAccel                        0x080006dd   Thumb Code    92  mpu6050.o(.text.MPU6050_ReadAccel)
    MPU6050_ReadGyro                         0x08000739   Thumb Code   136  mpu6050.o(.text.MPU6050_ReadGyro)
    Motor2_SetDirection                      0x080007c1   Thumb Code    46  tim1.o(.text.Motor2_SetDirection)
    Motor2_SetSpeed                          0x080007f1   Thumb Code    50  tim1.o(.text.Motor2_SetSpeed)
    Motor_SetBothSpeed                       0x08000825   Thumb Code    16  motor.o(.text.Motor_SetBothSpeed)
    Motor_SetDirection                       0x08000835   Thumb Code    46  motor.o(.text.Motor_SetDirection)
    Motor_SetSpeed                           0x08000865   Thumb Code    50  motor.o(.text.Motor_SetSpeed)
    PWM_Init                                 0x080008a9   Thumb Code   148  pwm.o(.text.PWM_Init)
    PWM_SetCompare                           0x0800093d   Thumb Code    10  pwm.o(.text.PWM_SetCompare)
    SystemInit                               0x08000a11   Thumb Code    86  system_stm32f10x.o(.text.SystemInit)
    TIM1_Init                                0x08000a69   Thumb Code   138  tim1.o(.text.TIM1_Init)
    TIM1_SetCompare                          0x08000af5   Thumb Code    12  tim1.o(.text.TIM1_SetCompare)
    TIM3_IRQHandler                          0x08000b01   Thumb Code    38  tim3.o(.text.TIM3_IRQHandler)
    Tim3_Init                                0x08000b29   Thumb Code    66  tim3.o(.text.Tim3_Init)
    USART1_Init                              0x08000b6d   Thumb Code   106  usart.o(.text.USART1_Init)
    main                                     0x08000bd9   Thumb Code   242  main.o(.text.main)
    __ARM_fpclassifyf                        0x08000ccb   Thumb Code    38  fpclassifyf.o(i.__ARM_fpclassifyf)
    __mathlib_flt_infnan2                    0x08000cf1   Thumb Code     4  funder.o(i.__mathlib_flt_infnan2)
    __mathlib_flt_underflow                  0x08000cf5   Thumb Code    10  funder.o(i.__mathlib_flt_underflow)
    atan2f                                   0x08000d01   Thumb Code   598  atan2f.o(i.atan2f)
    __aeabi_fadd                             0x08000fa5   Thumb Code     0  faddsub_clz.o(x$fpl$fadd)
    _fadd                                    0x08000fa5   Thumb Code   196  faddsub_clz.o(x$fpl$fadd)
    __fpl_fcheck_NaN1                        0x08001069   Thumb Code     6  fcheck1.o(x$fpl$fcheck1)
    __aeabi_fdiv                             0x08001075   Thumb Code     0  fdiv.o(x$fpl$fdiv)
    _fdiv                                    0x08001075   Thumb Code   384  fdiv.o(x$fpl$fdiv)
    __aeabi_f2iz                             0x080011f9   Thumb Code     0  ffix.o(x$fpl$ffix)
    _ffix                                    0x080011f9   Thumb Code    54  ffix.o(x$fpl$ffix)
    __aeabi_i2f                              0x08001231   Thumb Code     0  fflt_clz.o(x$fpl$fflt)
    _fflt                                    0x08001231   Thumb Code    48  fflt_clz.o(x$fpl$fflt)
    __aeabi_fmul                             0x08001261   Thumb Code     0  fmul.o(x$fpl$fmul)
    _fmul                                    0x08001261   Thumb Code   258  fmul.o(x$fpl$fmul)
    __fpl_fnaninf                            0x08001363   Thumb Code   140  fnaninf.o(x$fpl$fnaninf)
    __fpl_fretinf                            0x080013ef   Thumb Code    10  fretinf.o(x$fpl$fretinf)
    __aeabi_frsub                            0x080013f9   Thumb Code     0  faddsub_clz.o(x$fpl$frsb)
    _frsb                                    0x080013f9   Thumb Code    20  faddsub_clz.o(x$fpl$frsb)
    __aeabi_fsub                             0x0800140d   Thumb Code     0  faddsub_clz.o(x$fpl$fsub)
    _fsub                                    0x0800140d   Thumb Code   234  faddsub_clz.o(x$fpl$fsub)
    __fpl_return_NaN                         0x080014f7   Thumb Code   100  retnan.o(x$fpl$retnan)
    __ARM_scalbnf                            0x0800155b   Thumb Code    76  scalbnf.o(x$fpl$scalbnf)
    __fpl_cmpreturn                          0x080015a7   Thumb Code    48  trapv.o(x$fpl$trapveneer)
    __I$use$fp                               0x080015d6   Number         0  usenofp.o(x$fpl$usenofp)
    Region$$Table$$Base                      0x080015d8   Number         0  anon$$obj.o(Region$$Table)
    Region$$Table$$Limit                     0x080015f8   Number         0  anon$$obj.o(Region$$Table)
    Kd                                       0x20000000   Data           4  main.o(.data.Kd)
    Kp                                       0x20000004   Data           4  main.o(.data.Kp)
    __libspace_start                         0x20000008   Data          96  libspace.o(.bss)
    TIM3_Flag                                0x20000068   Data           1  tim3.o(.bss.TIM3_Flag)
    __temporary_stack_top$libspace           0x20000068   Data           0  libspace.o(.bss)
    accel_angle_offset                       0x2000006c   Data           4  mpu6050.o(.bss.accel_angle_offset)
    angle_acc                                0x20000070   Data           4  main.o(.bss.angle_acc)
    angle_x                                  0x20000074   Data           4  main.o(.bss.angle_x)
    gyro_x                                   0x20000078   Data           4  main.o(.bss.gyro_x)
    gyro_x_offset                            0x2000007c   Data           4  mpu6050.o(.bss.gyro_x_offset)
    gyro_y                                   0x20000080   Data           4  main.o(.bss.gyro_y)
    gyro_y_offset                            0x20000084   Data           4  mpu6050.o(.bss.gyro_y_offset)
    gyro_z                                   0x20000088   Data           4  main.o(.bss.gyro_z)
    gyro_z_offset                            0x2000008c   Data           4  mpu6050.o(.bss.gyro_z_offset)
    motor_output                             0x20000090   Data           4  main.o(.bss.motor_output)
    temp                                     0x20000094   Data           2  i2c2.o(.bss.temp)



==============================================================================

Memory Map of the image

  Image Entry point : 0x080000ed

  Load Region LR_IROM1 (Base: 0x08000000, Size: 0x00001600, Max: 0x00010000, ABSOLUTE)

    Execution Region ER_IROM1 (Exec base: 0x08000000, Load base: 0x08000000, Size: 0x000015f8, Max: 0x00010000, ABSOLUTE)

    Exec Addr    Load Addr    Size         Type   Attr      Idx    E Section Name        Object

    0x08000000   0x08000000   0x000000ec   Data   RO           38    RESET               startup_stm32f10x_md.o
    0x080000ec   0x080000ec   0x00000008   Code   RO          178  * !!!main             c_w.l(__main.o)
    0x080000f4   0x080000f4   0x00000034   Code   RO          407    !!!scatter          c_w.l(__scatter.o)
    0x08000128   0x08000128   0x0000001a   Code   RO          409    !!handler_copy      c_w.l(__scatter_copy.o)
    0x08000142   0x08000142   0x00000002   PAD
    0x08000144   0x08000144   0x0000001c   Code   RO          411    !!handler_zi        c_w.l(__scatter_zi.o)
    0x08000160   0x08000160   0x00000002   Code   RO          268    .ARM.Collect$$libinit$$00000000  c_w.l(libinit.o)
    0x08000162   0x08000162   0x00000000   Code   RO          274    .ARM.Collect$$libinit$$00000002  c_w.l(libinit2.o)
    0x08000162   0x08000162   0x00000000   Code   RO          276    .ARM.Collect$$libinit$$00000004  c_w.l(libinit2.o)
    0x08000162   0x08000162   0x00000000   Code   RO          279    .ARM.Collect$$libinit$$0000000A  c_w.l(libinit2.o)
    0x08000162   0x08000162   0x00000000   Code   RO          281    .ARM.Collect$$libinit$$0000000C  c_w.l(libinit2.o)
    0x08000162   0x08000162   0x00000000   Code   RO          283    .ARM.Collect$$libinit$$0000000E  c_w.l(libinit2.o)
    0x08000162   0x08000162   0x00000000   Code   RO          286    .ARM.Collect$$libinit$$00000011  c_w.l(libinit2.o)
    0x08000162   0x08000162   0x00000000   Code   RO          288    .ARM.Collect$$libinit$$00000013  c_w.l(libinit2.o)
    0x08000162   0x08000162   0x00000000   Code   RO          290    .ARM.Collect$$libinit$$00000015  c_w.l(libinit2.o)
    0x08000162   0x08000162   0x00000000   Code   RO          292    .ARM.Collect$$libinit$$00000017  c_w.l(libinit2.o)
    0x08000162   0x08000162   0x00000000   Code   RO          294    .ARM.Collect$$libinit$$00000019  c_w.l(libinit2.o)
    0x08000162   0x08000162   0x00000000   Code   RO          296    .ARM.Collect$$libinit$$0000001B  c_w.l(libinit2.o)
    0x08000162   0x08000162   0x00000000   Code   RO          298    .ARM.Collect$$libinit$$0000001D  c_w.l(libinit2.o)
    0x08000162   0x08000162   0x00000000   Code   RO          300    .ARM.Collect$$libinit$$0000001F  c_w.l(libinit2.o)
    0x08000162   0x08000162   0x00000000   Code   RO          302    .ARM.Collect$$libinit$$00000021  c_w.l(libinit2.o)
    0x08000162   0x08000162   0x00000000   Code   RO          304    .ARM.Collect$$libinit$$00000023  c_w.l(libinit2.o)
    0x08000162   0x08000162   0x00000000   Code   RO          306    .ARM.Collect$$libinit$$00000025  c_w.l(libinit2.o)
    0x08000162   0x08000162   0x00000000   Code   RO          310    .ARM.Collect$$libinit$$0000002C  c_w.l(libinit2.o)
    0x08000162   0x08000162   0x00000000   Code   RO          312    .ARM.Collect$$libinit$$0000002E  c_w.l(libinit2.o)
    0x08000162   0x08000162   0x00000000   Code   RO          314    .ARM.Collect$$libinit$$00000030  c_w.l(libinit2.o)
    0x08000162   0x08000162   0x00000000   Code   RO          316    .ARM.Collect$$libinit$$00000032  c_w.l(libinit2.o)
    0x08000162   0x08000162   0x00000002   Code   RO          317    .ARM.Collect$$libinit$$00000033  c_w.l(libinit2.o)
    0x08000164   0x08000164   0x00000002   Code   RO          343    .ARM.Collect$$libshutdown$$00000000  c_w.l(libshutdown.o)
    0x08000166   0x08000166   0x00000000   Code   RO          358    .ARM.Collect$$libshutdown$$00000002  c_w.l(libshutdown2.o)
    0x08000166   0x08000166   0x00000000   Code   RO          360    .ARM.Collect$$libshutdown$$00000004  c_w.l(libshutdown2.o)
    0x08000166   0x08000166   0x00000000   Code   RO          363    .ARM.Collect$$libshutdown$$00000007  c_w.l(libshutdown2.o)
    0x08000166   0x08000166   0x00000000   Code   RO          366    .ARM.Collect$$libshutdown$$0000000A  c_w.l(libshutdown2.o)
    0x08000166   0x08000166   0x00000000   Code   RO          368    .ARM.Collect$$libshutdown$$0000000C  c_w.l(libshutdown2.o)
    0x08000166   0x08000166   0x00000000   Code   RO          371    .ARM.Collect$$libshutdown$$0000000F  c_w.l(libshutdown2.o)
    0x08000166   0x08000166   0x00000002   Code   RO          372    .ARM.Collect$$libshutdown$$00000010  c_w.l(libshutdown2.o)
    0x08000168   0x08000168   0x00000000   Code   RO          210    .ARM.Collect$$rtentry$$00000000  c_w.l(__rtentry.o)
    0x08000168   0x08000168   0x00000000   Code   RO          235    .ARM.Collect$$rtentry$$00000002  c_w.l(__rtentry2.o)
    0x08000168   0x08000168   0x00000006   Code   RO          247    .ARM.Collect$$rtentry$$00000004  c_w.l(__rtentry4.o)
    0x0800016e   0x0800016e   0x00000000   Code   RO          237    .ARM.Collect$$rtentry$$00000009  c_w.l(__rtentry2.o)
    0x0800016e   0x0800016e   0x00000004   Code   RO          238    .ARM.Collect$$rtentry$$0000000A  c_w.l(__rtentry2.o)
    0x08000172   0x08000172   0x00000000   Code   RO          240    .ARM.Collect$$rtentry$$0000000C  c_w.l(__rtentry2.o)
    0x08000172   0x08000172   0x00000008   Code   RO          241    .ARM.Collect$$rtentry$$0000000D  c_w.l(__rtentry2.o)
    0x0800017a   0x0800017a   0x00000002   Code   RO          271    .ARM.Collect$$rtexit$$00000000  c_w.l(rtexit.o)
    0x0800017c   0x0800017c   0x00000000   Code   RO          321    .ARM.Collect$$rtexit$$00000002  c_w.l(rtexit2.o)
    0x0800017c   0x0800017c   0x00000004   Code   RO          322    .ARM.Collect$$rtexit$$00000003  c_w.l(rtexit2.o)
    0x08000180   0x08000180   0x00000006   Code   RO          323    .ARM.Collect$$rtexit$$00000004  c_w.l(rtexit2.o)
    0x08000186   0x08000186   0x00000002   PAD
    0x08000188   0x08000188   0x00000040   Code   RO           39    .text               startup_stm32f10x_md.o
    0x080001c8   0x080001c8   0x00000006   Code   RO          176    .text               c_w.l(heapauxi.o)
    0x080001ce   0x080001ce   0x00000016   Code   RO          211    .text               c_w.l(_rserrno.o)
    0x080001e4   0x080001e4   0x00000008   Code   RO          252    .text               c_w.l(rt_errno_addr_intlibspace.o)
    0x080001ec   0x080001ec   0x00000008   Code   RO          256    .text               c_w.l(libspace.o)
    0x080001f4   0x080001f4   0x0000004a   Code   RO          259    .text               c_w.l(sys_stackheap_outer.o)
    0x0800023e   0x0800023e   0x00000012   Code   RO          261    .text               c_w.l(exit.o)
    0x08000250   0x08000250   0x0000000c   Code   RO          333    .text               c_w.l(sys_exit.o)
    0x0800025c   0x0800025c   0x00000002   Code   RO          348    .text               c_w.l(use_no_semi.o)
    0x0800025e   0x0800025e   0x00000000   Code   RO          350    .text               c_w.l(indicate_semi.o)
    0x0800025e   0x0800025e   0x00000002   PAD
    0x08000260   0x08000260   0x0000009c   Code   RO           85    .text.Encoder_Init  encoder.o
    0x080002fc   0x080002fc   0x0000005e   Code   RO          102    .text.I2C2_Init     i2c2.o
    0x0800035a   0x0800035a   0x00000002   PAD
    0x0800035c   0x0800035c   0x000000d8   Code   RO          110    .text.I2C2_ReadBytes  i2c2.o
    0x08000434   0x08000434   0x000000ac   Code   RO          108    .text.I2C2_Recover  i2c2.o
    0x080004e0   0x080004e0   0x000000a0   Code   RO          106    .text.I2C2_WriteByte  i2c2.o
    0x08000580   0x08000580   0x0000006c   Code   RO          129    .text.MPU6050_CalibrateAccelAngle  mpu6050.o
    0x080005ec   0x080005ec   0x0000008a   Code   RO          125    .text.MPU6050_CalibrateGyro  mpu6050.o
    0x08000676   0x08000676   0x00000002   PAD
    0x08000678   0x08000678   0x0000003e   Code   RO          131    .text.MPU6050_GetAccelAngle  mpu6050.o
    0x080006b6   0x080006b6   0x00000002   PAD
    0x080006b8   0x080006b8   0x00000024   Code   RO          121    .text.MPU6050_Init  mpu6050.o
    0x080006dc   0x080006dc   0x0000005c   Code   RO          127    .text.MPU6050_ReadAccel  mpu6050.o
    0x08000738   0x08000738   0x00000088   Code   RO          123    .text.MPU6050_ReadGyro  mpu6050.o
    0x080007c0   0x080007c0   0x0000002e   Code   RO          163    .text.Motor2_SetDirection  tim1.o
    0x080007ee   0x080007ee   0x00000002   PAD
    0x080007f0   0x080007f0   0x00000032   Code   RO          165    .text.Motor2_SetSpeed  tim1.o
    0x08000822   0x08000822   0x00000002   PAD
    0x08000824   0x08000824   0x00000010   Code   RO          149    .text.Motor_SetBothSpeed  motor.o
    0x08000834   0x08000834   0x0000002e   Code   RO          145    .text.Motor_SetDirection  motor.o
    0x08000862   0x08000862   0x00000002   PAD
    0x08000864   0x08000864   0x00000032   Code   RO          147    .text.Motor_SetSpeed  motor.o
    0x08000896   0x08000896   0x00000002   PAD
    0x08000898   0x08000898   0x00000010   Code   RO           62    .text.NVIC_EnableIRQ  tim3.o
    0x080008a8   0x080008a8   0x00000094   Code   RO           74    .text.PWM_Init      pwm.o
    0x0800093c   0x0800093c   0x0000000a   Code   RO           76    .text.PWM_SetCompare  pwm.o
    0x08000946   0x08000946   0x00000002   PAD
    0x08000948   0x08000948   0x00000008   Code   RO           21    .text.SetSysClock   system_stm32f10x.o
    0x08000950   0x08000950   0x000000be   Code   RO           25    .text.SetSysClockTo72  system_stm32f10x.o
    0x08000a0e   0x08000a0e   0x00000002   PAD
    0x08000a10   0x08000a10   0x00000056   Code   RO           19    .text.SystemInit    system_stm32f10x.o
    0x08000a66   0x08000a66   0x00000002   PAD
    0x08000a68   0x08000a68   0x0000008a   Code   RO          159    .text.TIM1_Init     tim1.o
    0x08000af2   0x08000af2   0x00000002   PAD
    0x08000af4   0x08000af4   0x0000000c   Code   RO          161    .text.TIM1_SetCompare  tim1.o
    0x08000b00   0x08000b00   0x00000026   Code   RO           64    .text.TIM3_IRQHandler  tim3.o
    0x08000b26   0x08000b26   0x00000002   PAD
    0x08000b28   0x08000b28   0x00000042   Code   RO           60    .text.Tim3_Init     tim3.o
    0x08000b6a   0x08000b6a   0x00000002   PAD
    0x08000b6c   0x08000b6c   0x0000006a   Code   RO           46    .text.USART1_Init   usart.o
    0x08000bd6   0x08000bd6   0x00000002   PAD
    0x08000bd8   0x08000bd8   0x000000f2   Code   RO            2    .text.main          main.o
    0x08000cca   0x08000cca   0x00000026   Code   RO          218    i.__ARM_fpclassifyf  m_ws.l(fpclassifyf.o)
    0x08000cf0   0x08000cf0   0x00000004   Code   RO          222    i.__mathlib_flt_infnan2  m_ws.l(funder.o)
    0x08000cf4   0x08000cf4   0x0000000a   Code   RO          226    i.__mathlib_flt_underflow  m_ws.l(funder.o)
    0x08000cfe   0x08000cfe   0x00000002   PAD
    0x08000d00   0x08000d00   0x000002a4   Code   RO          203    i.atan2f            m_ws.l(atan2f.o)
    0x08000fa4   0x08000fa4   0x000000c4   Code   RO          180    x$fpl$fadd          fz_ws.l(faddsub_clz.o)
    0x08001068   0x08001068   0x0000000c   Code   RO          269    x$fpl$fcheck1       fz_ws.l(fcheck1.o)
    0x08001074   0x08001074   0x00000184   Code   RO          187    x$fpl$fdiv          fz_ws.l(fdiv.o)
    0x080011f8   0x080011f8   0x00000036   Code   RO          190    x$fpl$ffix          fz_ws.l(ffix.o)
    0x0800122e   0x0800122e   0x00000002   PAD
    0x08001230   0x08001230   0x00000030   Code   RO          195    x$fpl$fflt          fz_ws.l(fflt_clz.o)
    0x08001260   0x08001260   0x00000102   Code   RO          200    x$fpl$fmul          fz_ws.l(fmul.o)
    0x08001362   0x08001362   0x0000008c   Code   RO          213    x$fpl$fnaninf       fz_ws.l(fnaninf.o)
    0x080013ee   0x080013ee   0x0000000a   Code   RO          215    x$fpl$fretinf       fz_ws.l(fretinf.o)
    0x080013f8   0x080013f8   0x00000014   Code   RO          181    x$fpl$frsb          fz_ws.l(faddsub_clz.o)
    0x0800140c   0x0800140c   0x000000ea   Code   RO          182    x$fpl$fsub          fz_ws.l(faddsub_clz.o)
    0x080014f6   0x080014f6   0x00000064   Code   RO          318    x$fpl$retnan        fz_ws.l(retnan.o)
    0x0800155a   0x0800155a   0x0000004c   Code   RO          254    x$fpl$scalbnf       fz_ws.l(scalbnf.o)
    0x080015a6   0x080015a6   0x00000030   Code   RO          331    x$fpl$trapveneer    fz_ws.l(trapv.o)
    0x080015d6   0x080015d6   0x00000000   Code   RO          217    x$fpl$usenofp       fz_ws.l(usenofp.o)
    0x080015d6   0x080015d6   0x00000002   PAD
    0x080015d8   0x080015d8   0x00000020   Data   RO          406    Region$$Table       anon$$obj.o


    Execution Region RW_IRAM1 (Exec base: 0x20000000, Load base: 0x080015f8, Size: 0x00000698, Max: 0x00005000, ABSOLUTE)

    Exec Addr    Load Addr    Size         Type   Attr      Idx    E Section Name        Object

    0x20000000   0x080015f8   0x00000004   Data   RW            6    .data.Kd            main.o
    0x20000004   0x080015fc   0x00000004   Data   RW            5    .data.Kp            main.o
    0x20000008        -       0x00000060   Zero   RW          257    .bss                c_w.l(libspace.o)
    0x20000068        -       0x00000001   Zero   RW           66    .bss.TIM3_Flag      tim3.o
    0x20000069   0x08001600   0x00000003   PAD
    0x2000006c        -       0x00000004   Zero   RW          136    .bss.accel_angle_offset  mpu6050.o
    0x20000070        -       0x00000004   Zero   RW           11    .bss.angle_acc      main.o
    0x20000074        -       0x00000004   Zero   RW            4    .bss.angle_x        main.o
    0x20000078        -       0x00000004   Zero   RW            8    .bss.gyro_x         main.o
    0x2000007c        -       0x00000004   Zero   RW          133    .bss.gyro_x_offset  mpu6050.o
    0x20000080        -       0x00000004   Zero   RW            9    .bss.gyro_y         main.o
    0x20000084        -       0x00000004   Zero   RW          134    .bss.gyro_y_offset  mpu6050.o
    0x20000088        -       0x00000004   Zero   RW           10    .bss.gyro_z         main.o
    0x2000008c        -       0x00000004   Zero   RW          135    .bss.gyro_z_offset  mpu6050.o
    0x20000090        -       0x00000004   Zero   RW            7    .bss.motor_output   main.o
    0x20000094        -       0x00000002   Zero   RW          112    .bss.temp           i2c2.o
    0x20000096   0x08001600   0x00000002   PAD
    0x20000098        -       0x00000200   Zero   RW           37    HEAP                startup_stm32f10x_md.o
    0x20000298        -       0x00000400   Zero   RW           36    STACK               startup_stm32f10x_md.o


==============================================================================

Image component sizes


      Code (inc. data)   RO Data    RW Data    ZI Data      Debug   Object Name

       156          0          0          0          0       2388   encoder.o
       642          0          0          0          2       3206   i2c2.o
       242          0          0          8         24        652   main.o
       112          0          0          0          0       1203   motor.o
       572          0          0          0         16       2977   mpu6050.o
       158          0          0          0          0       2021   pwm.o
        64         26        236          0       1536        780   startup_stm32f10x_md.o
       284          0          0          0          0       2622   system_stm32f10x.o
       246          0          0          0          0       2431   tim1.o
       120          0          0          0          1       3583   tim3.o
       106          0          0          0          0       1682   usart.o

    ----------------------------------------------------------------------
      2730         26        268          8       1584      23545   Object Totals
         0          0         32          0          0          0   (incl. Generated)
        28          0          0          0          5          0   (incl. Padding)

    ----------------------------------------------------------------------

      Code (inc. data)   RO Data    RW Data    ZI Data      Debug   Library Member Name

         8          0          0          0          0         68   __main.o
         0          0          0          0          0          0   __rtentry.o
        12          0          0          0          0          0   __rtentry2.o
         6          0          0          0          0          0   __rtentry4.o
        52          8          0          0          0          0   __scatter.o
        26          0          0          0          0          0   __scatter_copy.o
        28          0          0          0          0          0   __scatter_zi.o
        22          0          0          0          0        100   _rserrno.o
        18          0          0          0          0         80   exit.o
         6          0          0          0          0        152   heapauxi.o
         0          0          0          0          0          0   indicate_semi.o
         2          0          0          0          0          0   libinit.o
         2          0          0          0          0          0   libinit2.o
         2          0          0          0          0          0   libshutdown.o
         2          0          0          0          0          0   libshutdown2.o
         8          4          0          0         96         68   libspace.o
         8          4          0          0          0         68   rt_errno_addr_intlibspace.o
         2          0          0          0          0          0   rtexit.o
        10          0          0          0          0          0   rtexit2.o
        12          4          0          0          0         68   sys_exit.o
        74          0          0          0          0         80   sys_stackheap_outer.o
         2          0          0          0          0         68   use_no_semi.o
       450          8          0          0          0        236   faddsub_clz.o
        12          4          0          0          0         68   fcheck1.o
       388         76          0          0          0         96   fdiv.o
        54          4          0          0          0         84   ffix.o
        48          0          0          0          0         68   fflt_clz.o
       258          4          0          0          0         84   fmul.o
       140          4          0          0          0         84   fnaninf.o
        10          0          0          0          0         68   fretinf.o
       100          0          0          0          0         68   retnan.o
        76          0          0          0          0         68   scalbnf.o
        48          0          0          0          0         68   trapv.o
         0          0          0          0          0          0   usenofp.o
       676         78          0          0          0        116   atan2f.o
        38          0          0          0          0         68   fpclassifyf.o
        14          0          0          0          0        136   funder.o

    ----------------------------------------------------------------------
      2626        198          0          0         96       2064   Library Totals
        12          0          0          0          0          0   (incl. Padding)

    ----------------------------------------------------------------------

      Code (inc. data)   RO Data    RW Data    ZI Data      Debug   Library Name

       302         20          0          0         96        752   c_w.l
      1584        100          0          0          0        992   fz_ws.l
       728         78          0          0          0        320   m_ws.l

    ----------------------------------------------------------------------
      2626        198          0          0         96       2064   Library Totals

    ----------------------------------------------------------------------

==============================================================================


      Code (inc. data)   RO Data    RW Data    ZI Data      Debug   

      5356        224        268          8       1680      24369   Grand Totals
      5356        224        268          8       1680      24369   ELF Image Totals
      5356        224        268          8          0          0   ROM Totals

==============================================================================

    Total RO  Size (Code + RO Data)                 5624 (   5.49kB)
    Total RW  Size (RW Data + ZI Data)              1688 (   1.65kB)
    Total ROM Size (Code + RO Data + RW Data)       5632 (   5.50kB)

==============================================================================

